Running stages ['wps_gc'] for simulation <begin=datetime.datetime(2020, 1, 1, 0, 0) end=datetime.datetime(2020, 1, 6, 0, 0) warmup_h=12 settings={'physics__bl_mynn_closure': '2.5', 'physics__bl_mynn_edmf': '0', 'physics__bl_mynn_edmf_mom': '0', 'physics__bl_mynn_edmf_tke': '0', 'physics__bl_mynn_mixlength': '1', 'physics__bl_pbl_physics': '5', 'physics__sf_sfclay_physics': '5', 'physics__sf_urban_physics': '0'} sim_dir=PosixPath('sim_2020-01-01') area=BBox(north=32.0, west=-20.5, south=24.0, east=-11.0)> from 'sim_2020-01-01'...
2026-07-16 23:51:07,275 INFO:wrf_massive.wrf_massive.base:Processing simulation 2020-01-01 00:00:00 -> 2020-01-06 00:00:00 (warmup: 12h)
2026-07-16 23:51:07,275 INFO:wrf_massive.wrf_massive.base:Entering stage #1/1: wps_gc
2026-07-16 23:51:07,275 INFO:wrf_massive.wrf_massive.base:Setting up 'wps_gc'...
2026-07-16 23:51:07,276 INFO:wrf_massive.wrf_massive.base:Running stage 'wps_gc'...
2026-07-16 23:51:07,277 INFO:wrf_massive.stages.misc.gc:-> Deleting file sim_2020-01-01/2_wps/met_em.d01.2019-12-31_12:00:00.nc.
2026-07-16 23:51:07,282 INFO:wrf_massive.stages.misc.gc:-> Deleting file sim_2020-01-01/2_wps/met_em.d01.2019-12-31_15:00:00.nc.
2026-07-16 23:51:07,287 INFO:wrf_massive.stages.misc.gc:-> Deleting file sim_2020-01-01/2_wps/met_em.d01.2019-12-31_18:00:00.nc.
2026-07-16 23:51:07,292 INFO:wrf_massive.stages.misc.gc:-> Deleting file sim_2020-01-01/2_wps/met_em.d01.2019-12-31_21:00:00.nc.
2026-07-16 23:51:07,297 INFO:wrf_massive.stages.misc.gc:-> Deleting file sim_2020-01-01/2_wps/met_em.d01.2020-01-01_00:00:00.nc.
2026-07-16 23:51:07,302 INFO:wrf_massive.stages.misc.gc:-> Deleting file sim_2020-01-01/2_wps/met_em.d01.2020-01-01_03:00:00.nc.
2026-07-16 23:51:07,307 INFO:wrf_massive.stages.misc.gc:-> Deleting file sim_2020-01-01/2_wps/met_em.d01.2020-01-01_06:00:00.nc.
2026-07-16 23:51:07,311 INFO:wrf_massive.stages.misc.gc:-> Deleting file sim_2020-01-01/2_wps/met_em.d01.2020-01-01_09:00:00.nc.
2026-07-16 23:51:07,317 INFO:wrf_massive.stages.misc.gc:-> Deleting file sim_2020-01-01/2_wps/met_em.d01.2020-01-01_12:00:00.nc.
2026-07-16 23:51:07,322 INFO:wrf_massive.stages.misc.gc:-> Deleting file sim_2020-01-01/2_wps/met_em.d01.2020-01-01_15:00:00.nc.
2026-07-16 23:51:07,327 INFO:wrf_massive.stages.misc.gc:-> Deleting file sim_2020-01-01/2_wps/met_em.d01.2020-01-01_18:00:00.nc.
2026-07-16 23:51:07,333 INFO:wrf_massive.stages.misc.gc:-> Deleting file sim_2020-01-01/2_wps/met_em.d01.2020-01-01_21:00:00.nc.
2026-07-16 23:51:07,339 INFO:wrf_massive.stages.misc.gc:-> Deleting file sim_2020-01-01/2_wps/met_em.d01.2020-01-02_00:00:00.nc.
2026-07-16 23:51:07,345 INFO:wrf_massive.stages.misc.gc:-> Deleting file sim_2020-01-01/2_wps/met_em.d01.2020-01-02_03:00:00.nc.
2026-07-16 23:51:07,350 INFO:wrf_massive.stages.misc.gc:-> Deleting file sim_2020-01-01/2_wps/met_em.d01.2020-01-02_06:00:00.nc.
2026-07-16 23:51:07,355 INFO:wrf_massive.stages.misc.gc:-> Deleting file sim_2020-01-01/2_wps/met_em.d01.2020-01-02_09:00:00.nc.
2026-07-16 23:51:07,360 INFO:wrf_massive.stages.misc.gc:-> Deleting file sim_2020-01-01/2_wps/met_em.d01.2020-01-02_12:00:00.nc.
2026-07-16 23:51:07,365 INFO:wrf_massive.stages.misc.gc:-> Deleting file sim_2020-01-01/2_wps/met_em.d01.2020-01-02_15:00:00.nc.
2026-07-16 23:51:07,370 INFO:wrf_massive.stages.misc.gc:-> Deleting file sim_2020-01-01/2_wps/met_em.d01.2020-01-02_18:00:00.nc.
2026-07-16 23:51:07,377 INFO:wrf_massive.stages.misc.gc:-> Deleting file sim_2020-01-01/2_wps/met_em.d01.2020-01-02_21:00:00.nc.
2026-07-16 23:51:07,384 INFO:wrf_massive.stages.misc.gc:-> Deleting file sim_2020-01-01/2_wps/met_em.d01.2020-01-03_00:00:00.nc.
2026-07-16 23:51:07,390 INFO:wrf_massive.stages.misc.gc:-> Deleting file sim_2020-01-01/2_wps/met_em.d01.2020-01-03_03:00:00.nc.
2026-07-16 23:51:07,395 INFO:wrf_massive.stages.misc.gc:-> Deleting file sim_2020-01-01/2_wps/met_em.d01.2020-01-03_06:00:00.nc.
2026-07-16 23:51:07,400 INFO:wrf_massive.stages.misc.gc:-> Deleting file sim_2020-01-01/2_wps/met_em.d01.2020-01-03_09:00:00.nc.
2026-07-16 23:51:07,406 INFO:wrf_massive.stages.misc.gc:-> Deleting file sim_2020-01-01/2_wps/met_em.d01.2020-01-03_12:00:00.nc.
2026-07-16 23:51:07,411 INFO:wrf_massive.stages.misc.gc:-> Deleting file sim_2020-01-01/2_wps/met_em.d01.2020-01-03_15:00:00.nc.
2026-07-16 23:51:07,417 INFO:wrf_massive.stages.misc.gc:-> Deleting file sim_2020-01-01/2_wps/met_em.d01.2020-01-03_18:00:00.nc.
2026-07-16 23:51:07,424 INFO:wrf_massive.stages.misc.gc:-> Deleting file sim_2020-01-01/2_wps/met_em.d01.2020-01-03_21:00:00.nc.
2026-07-16 23:51:07,430 INFO:wrf_massive.stages.misc.gc:-> Deleting file sim_2020-01-01/2_wps/met_em.d01.2020-01-04_00:00:00.nc.
2026-07-16 23:51:07,438 INFO:wrf_massive.stages.misc.gc:-> Deleting file sim_2020-01-01/2_wps/met_em.d01.2020-01-04_03:00:00.nc.
2026-07-16 23:51:07,445 INFO:wrf_massive.stages.misc.gc:-> Deleting file sim_2020-01-01/2_wps/met_em.d01.2020-01-04_06:00:00.nc.
2026-07-16 23:51:07,450 INFO:wrf_massive.stages.misc.gc:-> Deleting file sim_2020-01-01/2_wps/met_em.d01.2020-01-04_09:00:00.nc.
2026-07-16 23:51:07,456 INFO:wrf_massive.stages.misc.gc:-> Deleting file sim_2020-01-01/2_wps/met_em.d01.2020-01-04_12:00:00.nc.
2026-07-16 23:51:07,463 INFO:wrf_massive.stages.misc.gc:-> Deleting file sim_2020-01-01/2_wps/met_em.d01.2020-01-04_15:00:00.nc.
2026-07-16 23:51:07,470 INFO:wrf_massive.stages.misc.gc:-> Deleting file sim_2020-01-01/2_wps/met_em.d01.2020-01-04_18:00:00.nc.
2026-07-16 23:51:07,477 INFO:wrf_massive.stages.misc.gc:-> Deleting file sim_2020-01-01/2_wps/met_em.d01.2020-01-04_21:00:00.nc.
2026-07-16 23:51:07,485 INFO:wrf_massive.stages.misc.gc:-> Deleting file sim_2020-01-01/2_wps/met_em.d01.2020-01-05_00:00:00.nc.
2026-07-16 23:51:07,491 INFO:wrf_massive.stages.misc.gc:-> Deleting file sim_2020-01-01/2_wps/met_em.d01.2020-01-05_03:00:00.nc.
2026-07-16 23:51:07,496 INFO:wrf_massive.stages.misc.gc:-> Deleting file sim_2020-01-01/2_wps/met_em.d01.2020-01-05_06:00:00.nc.
2026-07-16 23:51:07,502 INFO:wrf_massive.stages.misc.gc:-> Deleting file sim_2020-01-01/2_wps/met_em.d01.2020-01-05_09:00:00.nc.
2026-07-16 23:51:07,509 INFO:wrf_massive.stages.misc.gc:-> Deleting file sim_2020-01-01/2_wps/met_em.d01.2020-01-05_12:00:00.nc.
2026-07-16 23:51:07,515 INFO:wrf_massive.stages.misc.gc:-> Deleting file sim_2020-01-01/2_wps/met_em.d01.2020-01-05_15:00:00.nc.
2026-07-16 23:51:07,522 INFO:wrf_massive.stages.misc.gc:-> Deleting file sim_2020-01-01/2_wps/met_em.d01.2020-01-05_18:00:00.nc.
2026-07-16 23:51:07,529 INFO:wrf_massive.stages.misc.gc:-> Deleting file sim_2020-01-01/2_wps/met_em.d01.2020-01-05_21:00:00.nc.
2026-07-16 23:51:07,535 INFO:wrf_massive.stages.misc.gc:-> Deleting file sim_2020-01-01/2_wps/met_em.d01.2020-01-06_00:00:00.nc.
2026-07-16 23:51:07,543 INFO:wrf_massive.stages.misc.gc:-> Created .done file at to mark stage for skipping.
