Running stages ['cn2'] for simulation <begin=datetime.datetime(2020, 10, 1, 0, 0) end=datetime.datetime(2020, 10, 6, 0, 0) warmup_h=12 settings={'physics__bl_mynn_closure': '2.5', 'physics__bl_mynn_edmf': '0', 'physics__bl_mynn_edmf_mom': '0', 'physics__bl_mynn_edmf_tke': '0', 'physics__bl_mynn_mixlength': '1', 'physics__bl_pbl_physics': '5', 'physics__sf_sfclay_physics': '5', 'physics__sf_urban_physics': '0'} sim_dir=PosixPath('sim_2020-10-01') area=BBox(north=32.0, west=-20.5, south=24.0, east=-11.0)> from 'sim_2020-10-01'...
2026-07-17 22:50:13,031 INFO:wrf_massive.wrf_massive.base:Processing simulation 2020-10-01 00:00:00 -> 2020-10-06 00:00:00 (warmup: 12h)
2026-07-17 22:50:13,032 INFO:wrf_massive.wrf_massive.base:Entering stage #1/1: cn2
2026-07-17 22:50:13,032 INFO:wrf_massive.wrf_massive.base:Setting up 'cn2'...
2026-07-17 22:50:13,032 INFO:wrf_massive.stages.postproc.cn2:Setting up Cn2 post-processing working dir...
2026-07-17 22:50:13,032 INFO:wrf_massive.stages.postproc.cn2:-> .gitignore copied to sim_2020-10-01/4_postproc
2026-07-17 22:50:13,032 INFO:wrf_massive.stages.postproc.cn2:-> Setup done.
2026-07-17 22:50:13,033 INFO:wrf_massive.wrf_massive.base:Running stage 'cn2'...
2026-07-17 22:50:13,033 INFO:wrf_massive.stages.postproc.cn2:Starting parallel post-processing with 8 workers...
2026-07-17 22:50:13,058 INFO:wrf_massive.stages.postproc.cn2:Post-processing wrfout_aux_d01_2020-10-01_00:00:00...
2026-07-17 22:50:13,058 INFO:wrf_massive.stages.postproc.cn2:Post-processing wrfout_aux_d01_2020-10-01_06:00:00...
2026-07-17 22:50:13,058 INFO:wrf_massive.stages.postproc.cn2:Post-processing wrfout_aux_d01_2020-10-01_12:00:00...
2026-07-17 22:50:13,058 INFO:wrf_massive.stages.postproc.cn2:Post-processing wrfout_aux_d01_2020-10-01_18:00:00...
2026-07-17 22:50:13,058 INFO:wrf_massive.stages.postproc.cn2:Post-processing wrfout_aux_d01_2020-10-02_06:00:00...
2026-07-17 22:50:13,058 INFO:wrf_massive.stages.postproc.cn2:Post-processing wrfout_aux_d01_2020-10-02_00:00:00...
2026-07-17 22:50:13,058 INFO:wrf_massive.stages.postproc.cn2:Post-processing wrfout_aux_d01_2020-10-02_12:00:00...
2026-07-17 22:50:13,058 INFO:wrf_massive.stages.postproc.cn2:Post-processing wrfout_aux_d01_2020-10-02_18:00:00...
Reading z... Reading z... Reading z... Reading z... Reading z... Reading z... Reading z... Reading z... Done!
Reading HGT... Done!
Reading p... Done!
Reading HGT... Done!
Reading HGT... Done!
Reading HGT... Done!
Reading p... Done!
Reading p... Done!
Reading p... Done!
Reading HGT... Done!
Reading p... Done!
Reading HGT... Done!
Reading p... Done!
Reading HGT... Done!
Reading p... Done!
Reading HGT... Done!
Reading p... Done!
Reading uvmet... Done!
Reading uvmet... Done!
Reading uvmet... Done!
Reading uvmet... Done!
Reading uvmet... Done!
Reading uvmet... Done!
Reading uvmet... Done!
Reading uvmet... Done!
Reading wa... Done!
Reading wa... Done!
Reading wa... Done!
Reading wa... Done!
Reading wa... Done!
Reading wa... Done!
Reading wa... Done!
Reading wa... Done!
Reading th... Done!
Reading th... Done!
Reading th... Done!
Reading th... Done!
Reading th... Done!
Reading th... Done!
Reading th... Done!
Reading th... Done!
Reading rh... Done!
Reading rh... Done!
Reading rh... Done!
Reading rh... Done!
Reading rh... Done!
Reading rh... Done!
Reading rh... Done!
Reading rh... Done!
Reading PBLH... Done!
Reading LANDMASK... Done!
Reading PBLH... Done!
Reading slp... Done!
Reading LANDMASK... Done!
Reading slp... Done!
Reading PBLH... Done!
Reading PBLH... Done!
Reading LANDMASK... Done!
Reading LANDMASK... Done!
Reading slp... Done!
Reading PBLH... Done!
Reading slp... Done!
Reading LANDMASK... Done!
Reading slp... Done!
Reading PBLH... Done!
Reading LANDMASK... Done!
Reading PBLH... Done!
Reading slp... Done!
Reading PBLH... Done!
Reading LANDMASK... Done!
Reading slp... Done!
Reading LANDMASK... Done!
Reading slp... Done!
Reading T2... Done!
Reading U10... Done!
Reading V10... Done!
Reading LH... Done!
Reading HFX... Done!
Reading UST... Done!
Reading QKE... Done!
Reading T2... Done!
Reading U10... Done!
Reading V10... Done!
Reading LH... Done!
Reading HFX... Done!
Reading UST... Done!
Reading QKE... Done!
Reading T2... Done!
Reading U10... Done!
Reading V10... Done!
Reading LH... Done!
Reading EL_PBL... Done!
Reading HFX... Done!
Reading UST... Done!
Reading QKE... Done!
Reading EL_PBL... Done!
Reading T2... Done!
Reading U10... Done!
Reading T2... Done!
Reading V10... Done!
Reading U10... Done!
Reading LH... Done!
Reading T2... Done!
Reading T2... Done!
Reading HFX... Done!
Reading V10... Done!
Reading U10... Done!
Reading U10... Done!
Reading UST... Done!
Reading T2... Done!
Reading V10... Done!
Reading LH... Done!
Reading V10... Done!
Reading QKE... Done!
Reading U10... Done!
Reading LH... Done!
Reading LH... Done!
Reading HFX... Done!
Reading V10... Done!
Reading HFX... Done!
Reading HFX... Done!
Reading UST... Done!
Reading LH... Done!
Reading UST... Done!
Reading UST... Done!
Reading QKE... Done!
Reading HFX... Done!
Reading QKE... Done!
Reading QKE... Done!
Reading UST... Done!
Reading QKE... Destaggering along bottom_top_stag (1)... Done!
Reading EL_PBL... Done!
Reading TSQ... Destaggering along bottom_top_stag (1)... Done!
Reading EL_PBL... Done!
Reading EL_PBL... Done!
Reading EL_PBL... Done!
Reading EL_PBL... Done!
Reading TSQ... Done!
Reading EL_PBL... Destaggering along bottom_top_stag (1)... Done!
Reading TSQ... Done!
Reading tk... Destaggering along bottom_top_stag (1)... Destaggering along bottom_top_stag (1)... Destaggering along bottom_top_stag (1)... Destaggering along bottom_top_stag (1)... Destaggering along bottom_top_stag (1)... Done!
Reading tk... Done!
Reading TSQ... Done!
Reading TSQ... Done!
Reading TSQ... Done!
Reading TSQ... Done!
Reading TSQ... Done!
Reading tk... Done!
Reading tk... Done!
Reading tk... Done!
Reading tk... Done!
Reading tk... Done!
Reading tk... Done!
Done!
2026-07-17 22:50:33,968 INFO:wrf_massive.stages.postproc.cn2:-> Processing done. Expected filesize: 2.0 GB
2026-07-17 22:50:33,968 INFO:wrf_massive.stages.postproc.cn2:-> Saving to sim_2020-10-01/4_postproc/wrfout_aux_d01_2020-10-02_18-00-00_cn2.nc...
Done!
2026-07-17 22:50:34,159 INFO:wrf_massive.stages.postproc.cn2:-> Processing done. Expected filesize: 2.0 GB
2026-07-17 22:50:34,159 INFO:wrf_massive.stages.postproc.cn2:-> Saving to sim_2020-10-01/4_postproc/wrfout_aux_d01_2020-10-02_06-00-00_cn2.nc...
Done!
Done!
Done!
Done!
Done!
2026-07-17 22:50:34,482 INFO:wrf_massive.stages.postproc.cn2:-> Processing done. Expected filesize: 2.0 GB
2026-07-17 22:50:34,482 INFO:wrf_massive.stages.postproc.cn2:-> Saving to sim_2020-10-01/4_postproc/wrfout_aux_d01_2020-10-01_12-00-00_cn2.nc...
2026-07-17 22:50:34,729 INFO:wrf_massive.stages.postproc.cn2:-> Processing done. Expected filesize: 2.0 GB
2026-07-17 22:50:34,729 INFO:wrf_massive.stages.postproc.cn2:-> Saving to sim_2020-10-01/4_postproc/wrfout_aux_d01_2020-10-02_00-00-00_cn2.nc...
2026-07-17 22:50:34,864 INFO:wrf_massive.stages.postproc.cn2:-> Processing done. Expected filesize: 2.0 GB
2026-07-17 22:50:34,864 INFO:wrf_massive.stages.postproc.cn2:-> Saving to sim_2020-10-01/4_postproc/wrfout_aux_d01_2020-10-02_12-00-00_cn2.nc...
2026-07-17 22:50:34,928 INFO:wrf_massive.stages.postproc.cn2:-> Processing done. Expected filesize: 2.0 GB
2026-07-17 22:50:34,928 INFO:wrf_massive.stages.postproc.cn2:-> Saving to sim_2020-10-01/4_postproc/wrfout_aux_d01_2020-10-01_18-00-00_cn2.nc...
2026-07-17 22:50:34,934 INFO:wrf_massive.stages.postproc.cn2:-> Processing done. Expected filesize: 2.0 GB
2026-07-17 22:50:34,934 INFO:wrf_massive.stages.postproc.cn2:-> Saving to sim_2020-10-01/4_postproc/wrfout_aux_d01_2020-10-01_06-00-00_cn2.nc...
2026-07-17 22:50:34,947 INFO:wrf_massive.stages.postproc.cn2:-> Processing done. Expected filesize: 2.0 GB
2026-07-17 22:50:34,947 INFO:wrf_massive.stages.postproc.cn2:-> Saving to sim_2020-10-01/4_postproc/wrfout_aux_d01_2020-10-01_00-00-00_cn2.nc...
2026-07-17 22:50:35,872 INFO:wrf_massive.stages.postproc.cn2:Post-processing wrfout_aux_d01_2020-10-03_00:00:00...
Reading z... 2026-07-17 22:50:36,027 INFO:wrf_massive.stages.postproc.cn2:Post-processing wrfout_aux_d01_2020-10-03_06:00:00...
Reading z... 2026-07-17 22:50:36,278 INFO:wrf_massive.stages.postproc.cn2:Post-processing wrfout_aux_d01_2020-10-03_12:00:00...
Reading z... 2026-07-17 22:50:36,524 INFO:wrf_massive.stages.postproc.cn2:Post-processing wrfout_aux_d01_2020-10-03_18:00:00...
Reading z... 2026-07-17 22:50:36,606 INFO:wrf_massive.stages.postproc.cn2:Post-processing wrfout_aux_d01_2020-10-04_00:00:00...
Reading z... 2026-07-17 22:50:36,638 INFO:wrf_massive.stages.postproc.cn2:Post-processing wrfout_aux_d01_2020-10-04_06:00:00...
2026-07-17 22:50:36,645 INFO:wrf_massive.stages.postproc.cn2:Post-processing wrfout_aux_d01_2020-10-04_12:00:00...
2026-07-17 22:50:36,646 INFO:wrf_massive.stages.postproc.cn2:Post-processing wrfout_aux_d01_2020-10-04_18:00:00...
Reading z... Reading z... Reading z... Done!
Reading HGT... Done!
Reading p... Done!
Reading HGT... Done!
Reading p... Done!
Reading HGT... Done!
Reading p... Done!
Reading HGT... Done!
Reading p... Done!
Reading uvmet... Done!
Reading HGT... Done!
Reading p... Done!
Reading HGT... Done!
Reading p... Done!
Reading HGT... Done!
Reading p... Done!
Reading HGT... Done!
Reading p... Done!
Reading uvmet... Done!
Reading uvmet... Done!
Reading uvmet... Done!
Reading uvmet... Done!
Reading uvmet... Done!
Reading uvmet... Done!
Reading uvmet... Done!
Reading wa... Done!
Reading wa... Done!
Reading wa... Done!
Reading wa... Done!
Reading th... Done!
Reading wa... Done!Done!

Reading wa... Reading th... Done!
Reading wa... Done!
Reading wa... Done!
Reading rh... Done!
Reading th... Done!
Reading rh... Done!
Reading th... Done!
Reading rh... Done!
Reading th... Done!
Reading th... Done!
Reading th... Done!
Reading th... Done!
Reading rh... Done!
Reading rh... Done!
Reading rh... Done!
Reading rh... Done!
Reading rh... Done!
Reading PBLH... Done!
Reading LANDMASK... Done!
Reading slp... Done!
Reading PBLH... Done!
Reading LANDMASK... Done!
Reading slp... Done!
Reading PBLH... Done!
Reading LANDMASK... Done!
Reading slp... Done!
Reading PBLH... Done!
Reading LANDMASK... Done!
Reading slp... Done!
Reading PBLH... Done!
Reading LANDMASK... Done!
Reading slp... Done!
Reading PBLH... Done!
Reading PBLH... Done!
Reading LANDMASK... Done!
Reading LANDMASK... Done!
Reading slp... Done!
Reading slp... Done!
Reading PBLH... Done!
Reading LANDMASK... Done!
Reading slp... Done!
Reading T2... Done!
Reading U10... Done!
Reading V10... Done!
Reading LH... Done!
Reading HFX... Done!
Reading UST... Done!
Reading QKE... Done!
Reading T2... Done!
Reading U10... Done!
Reading V10... Done!
Reading LH... Done!
Reading HFX... Done!
Reading UST... Done!
Reading QKE... Done!
Reading EL_PBL... Done!
Reading T2... Done!
Reading U10... Done!
Reading V10... Done!
Reading LH... Done!
Reading HFX... Done!
Reading UST... Done!
Reading QKE... Done!
Reading EL_PBL... Destaggering along bottom_top_stag (1)... Done!
Reading TSQ... Done!
Reading T2... Done!
Reading U10... Done!
Reading V10... Done!
Reading LH... Done!
Reading HFX... Done!
Reading UST... Done!
Reading QKE... Done!
Reading EL_PBL... Destaggering along bottom_top_stag (1)... Done!
Reading TSQ... Done!
Reading tk... Done!
Reading EL_PBL... Destaggering along bottom_top_stag (1)... Done!
Reading T2... Done!
Reading U10... Done!
Reading V10... Done!
Reading LH... Done!
Reading HFX... Done!
Reading T2... Done!
Reading UST... Done!
Reading TSQ... Done!
Reading U10... Done!
Reading QKE... Done!
Reading V10... Done!
Reading T2... Done!
Reading T2... Done!
Reading LH... Done!
Reading U10... Done!
Reading U10... Done!
Reading HFX... Done!
Reading V10... Done!
Reading V10... Done!
Reading UST... Done!
Reading LH... Done!
Reading LH... Done!
Reading QKE... Done!
Reading HFX... Done!
Reading HFX... Done!
Reading UST... Done!
Reading UST... Done!
Reading QKE... Done!
Reading QKE... Done!
Reading tk... Destaggering along bottom_top_stag (1)... Done!
Reading EL_PBL... Done!
Reading TSQ... Done!
Reading EL_PBL... Done!
Reading EL_PBL... Done!
Reading EL_PBL... Done!
Reading tk... Destaggering along bottom_top_stag (1)... Done!
Reading TSQ... Destaggering along bottom_top_stag (1)... Done!
Reading tk... Destaggering along bottom_top_stag (1)... Destaggering along bottom_top_stag (1)... Done!
Reading TSQ... Done!
Reading TSQ... Done!
Reading TSQ... Done!
Reading tk... Done!
Done!
Reading tk... Done!
Reading tk... Done!
Reading tk... Done!
2026-07-17 22:50:55,181 INFO:wrf_massive.stages.postproc.cn2:-> Processing done. Expected filesize: 2.0 GB
2026-07-17 22:50:55,181 INFO:wrf_massive.stages.postproc.cn2:-> Saving to sim_2020-10-01/4_postproc/wrfout_aux_d01_2020-10-03_00-00-00_cn2.nc...
Done!
2026-07-17 22:50:55,622 INFO:wrf_massive.stages.postproc.cn2:-> Processing done. Expected filesize: 2.0 GB
2026-07-17 22:50:55,622 INFO:wrf_massive.stages.postproc.cn2:-> Saving to sim_2020-10-01/4_postproc/wrfout_aux_d01_2020-10-03_06-00-00_cn2.nc...
Done!
2026-07-17 22:50:56,087 INFO:wrf_massive.stages.postproc.cn2:-> Processing done. Expected filesize: 2.0 GB
2026-07-17 22:50:56,087 INFO:wrf_massive.stages.postproc.cn2:-> Saving to sim_2020-10-01/4_postproc/wrfout_aux_d01_2020-10-03_12-00-00_cn2.nc...
2026-07-17 22:50:56,418 INFO:wrf_massive.stages.postproc.cn2:-> Processing done. Expected filesize: 2.0 GB
2026-07-17 22:50:56,418 INFO:wrf_massive.stages.postproc.cn2:-> Saving to sim_2020-10-01/4_postproc/wrfout_aux_d01_2020-10-03_18-00-00_cn2.nc...
Done!
Done!
Done!
Done!
2026-07-17 22:50:57,001 INFO:wrf_massive.stages.postproc.cn2:Post-processing wrfout_aux_d01_2020-10-05_00:00:00...
Reading z... 2026-07-17 22:50:57,084 INFO:wrf_massive.stages.postproc.cn2:-> Processing done. Expected filesize: 2.0 GB
2026-07-17 22:50:57,085 INFO:wrf_massive.stages.postproc.cn2:-> Saving to sim_2020-10-01/4_postproc/wrfout_aux_d01_2020-10-04_12-00-00_cn2.nc...
2026-07-17 22:50:57,223 INFO:wrf_massive.stages.postproc.cn2:-> Processing done. Expected filesize: 2.0 GB
2026-07-17 22:50:57,223 INFO:wrf_massive.stages.postproc.cn2:-> Saving to sim_2020-10-01/4_postproc/wrfout_aux_d01_2020-10-04_06-00-00_cn2.nc...
2026-07-17 22:50:57,252 INFO:wrf_massive.stages.postproc.cn2:-> Processing done. Expected filesize: 2.0 GB
2026-07-17 22:50:57,252 INFO:wrf_massive.stages.postproc.cn2:-> Saving to sim_2020-10-01/4_postproc/wrfout_aux_d01_2020-10-04_00-00-00_cn2.nc...
2026-07-17 22:50:57,265 INFO:wrf_massive.stages.postproc.cn2:-> Processing done. Expected filesize: 2.0 GB
2026-07-17 22:50:57,265 INFO:wrf_massive.stages.postproc.cn2:-> Saving to sim_2020-10-01/4_postproc/wrfout_aux_d01_2020-10-04_18-00-00_cn2.nc...
2026-07-17 22:50:57,466 INFO:wrf_massive.stages.postproc.cn2:Post-processing wrfout_aux_d01_2020-10-05_06:00:00...
Reading z... 2026-07-17 22:50:57,912 INFO:wrf_massive.stages.postproc.cn2:Post-processing wrfout_aux_d01_2020-10-05_12:00:00...
Reading z... 2026-07-17 22:50:58,449 INFO:wrf_massive.stages.postproc.cn2:Post-processing wrfout_aux_d01_2020-10-05_18:00:00...
Reading z... Done!
Reading HGT... Done!
Reading p... 2026-07-17 22:50:58,864 INFO:wrf_massive.stages.postproc.cn2:Post-processing wrfout_aux_d01_2020-10-06_00:00:00...
Reading z... Done!
Reading HGT... Done!
Reading p... Done!
Reading HGT... Done!
Reading p... Done!
Reading uvmet... Done!
Reading uvmet... Done!
Reading HGT... Done!
Reading p... Done!
Reading wa... Done!
Reading th... Done!
Reading uvmet... Done!
Reading rh... Done!
Reading PBLH... Done!
Reading uvmet... Done!
Reading LANDMASK... Done!
Reading slp... Done!
Reading HGT... Done!
Reading p... Done!
Reading T2... Done!
Reading U10... Done!
Reading V10... Done!
Reading LH... Done!
Reading HFX... Done!
Reading UST... Done!
Reading QKE... Done!
Reading EL_PBL... Destaggering along bottom_top_stag (0)... Done!
Reading TSQ... Done!
Reading tk... Done!
2026-07-17 22:51:00,849 INFO:wrf_massive.stages.postproc.cn2:-> Processing done. Expected filesize: 0.3 GB
2026-07-17 22:51:00,849 INFO:wrf_massive.stages.postproc.cn2:-> Saving to sim_2020-10-01/4_postproc/wrfout_aux_d01_2020-10-06_00-00-00_cn2.nc...
Done!
Reading uvmet... Done!
Reading wa... Done!
Reading wa... Done!
Reading wa... Done!
Reading th... Done!
Reading th... Done!
Reading th... Done!
Reading rh... Done!
Reading rh... Done!
Reading wa... Done!
Reading rh... Done!
Reading th... Done!
Reading rh... Done!
Reading PBLH... Done!
Reading LANDMASK... Done!
Reading slp... Done!
Reading PBLH... Done!
Reading LANDMASK... Done!
Reading slp... Done!
Reading PBLH... Done!
Reading LANDMASK... Done!
Reading slp... Done!
Reading PBLH... Done!
Reading LANDMASK... Done!
Reading slp... Done!
Reading T2... Done!
Reading U10... Done!
Reading V10... Done!
Reading LH... Done!
Reading HFX... Done!
Reading UST... Done!
Reading QKE... Done!
Reading T2... Done!
Reading U10... Done!
Reading V10... Done!
Reading LH... Done!
Reading HFX... Done!
Reading UST... Done!
Reading QKE... Done!
Reading EL_PBL... Done!
Reading T2... Done!
Reading U10... Done!
Reading V10... Done!
Reading LH... Done!
Reading HFX... Done!
Reading UST... Done!
Reading QKE... Done!
Reading EL_PBL... Destaggering along bottom_top_stag (1)... Done!
Reading TSQ... Done!
Reading EL_PBL... Destaggering along bottom_top_stag (1)... Done!
Reading TSQ... Destaggering along bottom_top_stag (1)... Done!
Reading TSQ... Done!
Reading tk... Done!
Reading tk... Done!
Reading tk... Done!
Reading T2... Done!
Reading U10... Done!
Reading V10... Done!
Reading LH... Done!
Reading HFX... Done!
Reading UST... Done!
Reading QKE... Done!
Reading EL_PBL... Destaggering along bottom_top_stag (1)... Done!
Reading TSQ... Done!
Done!
2026-07-17 22:51:10,498 INFO:wrf_massive.stages.postproc.cn2:-> Processing done. Expected filesize: 2.0 GB
2026-07-17 22:51:10,498 INFO:wrf_massive.stages.postproc.cn2:-> Saving to sim_2020-10-01/4_postproc/wrfout_aux_d01_2020-10-05_06-00-00_cn2.nc...
Done!
Reading tk... Done!
2026-07-17 22:51:10,711 INFO:wrf_massive.stages.postproc.cn2:-> Processing done. Expected filesize: 2.0 GB
2026-07-17 22:51:10,711 INFO:wrf_massive.stages.postproc.cn2:-> Saving to sim_2020-10-01/4_postproc/wrfout_aux_d01_2020-10-05_00-00-00_cn2.nc...
2026-07-17 22:51:10,945 INFO:wrf_massive.stages.postproc.cn2:-> Processing done. Expected filesize: 2.0 GB
2026-07-17 22:51:10,945 INFO:wrf_massive.stages.postproc.cn2:-> Saving to sim_2020-10-01/4_postproc/wrfout_aux_d01_2020-10-05_12-00-00_cn2.nc...
Done!
2026-07-17 22:51:12,166 INFO:wrf_massive.stages.postproc.cn2:-> Processing done. Expected filesize: 2.0 GB
2026-07-17 22:51:12,166 INFO:wrf_massive.stages.postproc.cn2:-> Saving to sim_2020-10-01/4_postproc/wrfout_aux_d01_2020-10-05_18-00-00_cn2.nc...
2026-07-17 22:51:13,600 INFO:wrf_massive.stages.postproc.cn2:Done!
