Running stages ['wps_gc'] for simulation <begin=datetime.datetime(2020, 10, 1, 0, 0) end=datetime.datetime(2020, 10, 6, 0, 0) warmup_h=12 settings={'physics__bl_mynn_closure': '2.5', 'physics__bl_mynn_edmf': '0', 'physics__bl_mynn_edmf_mom': '0', 'physics__bl_mynn_edmf_tke': '0', 'physics__bl_mynn_mixlength': '1', 'physics__bl_pbl_physics': '5', 'physics__sf_sfclay_physics': '5', 'physics__sf_urban_physics': '0'} sim_dir=PosixPath('sim_2020-10-01') area=BBox(north=32.0, west=-20.5, south=24.0, east=-11.0)> from 'sim_2020-10-01'...
2026-07-17 22:51:14,405 INFO:wrf_massive.wrf_massive.base:Processing simulation 2020-10-01 00:00:00 -> 2020-10-06 00:00:00 (warmup: 12h)
2026-07-17 22:51:14,405 INFO:wrf_massive.wrf_massive.base:Entering stage #1/1: wps_gc
2026-07-17 22:51:14,405 INFO:wrf_massive.wrf_massive.base:Setting up 'wps_gc'...
2026-07-17 22:51:14,405 INFO:wrf_massive.wrf_massive.base:Running stage 'wps_gc'...
2026-07-17 22:51:14,406 INFO:wrf_massive.stages.misc.gc:-> Deleting file sim_2020-10-01/2_wps/met_em.d01.2020-09-30_12:00:00.nc.
2026-07-17 22:51:14,408 INFO:wrf_massive.stages.misc.gc:-> Deleting file sim_2020-10-01/2_wps/met_em.d01.2020-09-30_15:00:00.nc.
2026-07-17 22:51:14,410 INFO:wrf_massive.stages.misc.gc:-> Deleting file sim_2020-10-01/2_wps/met_em.d01.2020-09-30_18:00:00.nc.
2026-07-17 22:51:14,412 INFO:wrf_massive.stages.misc.gc:-> Deleting file sim_2020-10-01/2_wps/met_em.d01.2020-09-30_21:00:00.nc.
2026-07-17 22:51:14,414 INFO:wrf_massive.stages.misc.gc:-> Deleting file sim_2020-10-01/2_wps/met_em.d01.2020-10-01_00:00:00.nc.
2026-07-17 22:51:14,416 INFO:wrf_massive.stages.misc.gc:-> Deleting file sim_2020-10-01/2_wps/met_em.d01.2020-10-01_03:00:00.nc.
2026-07-17 22:51:14,418 INFO:wrf_massive.stages.misc.gc:-> Deleting file sim_2020-10-01/2_wps/met_em.d01.2020-10-01_06:00:00.nc.
2026-07-17 22:51:14,419 INFO:wrf_massive.stages.misc.gc:-> Deleting file sim_2020-10-01/2_wps/met_em.d01.2020-10-01_09:00:00.nc.
2026-07-17 22:51:14,421 INFO:wrf_massive.stages.misc.gc:-> Deleting file sim_2020-10-01/2_wps/met_em.d01.2020-10-01_12:00:00.nc.
2026-07-17 22:51:14,423 INFO:wrf_massive.stages.misc.gc:-> Deleting file sim_2020-10-01/2_wps/met_em.d01.2020-10-01_15:00:00.nc.
2026-07-17 22:51:14,425 INFO:wrf_massive.stages.misc.gc:-> Deleting file sim_2020-10-01/2_wps/met_em.d01.2020-10-01_18:00:00.nc.
2026-07-17 22:51:14,427 INFO:wrf_massive.stages.misc.gc:-> Deleting file sim_2020-10-01/2_wps/met_em.d01.2020-10-01_21:00:00.nc.
2026-07-17 22:51:14,429 INFO:wrf_massive.stages.misc.gc:-> Deleting file sim_2020-10-01/2_wps/met_em.d01.2020-10-02_00:00:00.nc.
2026-07-17 22:51:14,431 INFO:wrf_massive.stages.misc.gc:-> Deleting file sim_2020-10-01/2_wps/met_em.d01.2020-10-02_03:00:00.nc.
2026-07-17 22:51:14,432 INFO:wrf_massive.stages.misc.gc:-> Deleting file sim_2020-10-01/2_wps/met_em.d01.2020-10-02_06:00:00.nc.
2026-07-17 22:51:14,434 INFO:wrf_massive.stages.misc.gc:-> Deleting file sim_2020-10-01/2_wps/met_em.d01.2020-10-02_09:00:00.nc.
2026-07-17 22:51:14,436 INFO:wrf_massive.stages.misc.gc:-> Deleting file sim_2020-10-01/2_wps/met_em.d01.2020-10-02_12:00:00.nc.
2026-07-17 22:51:14,438 INFO:wrf_massive.stages.misc.gc:-> Deleting file sim_2020-10-01/2_wps/met_em.d01.2020-10-02_15:00:00.nc.
2026-07-17 22:51:14,440 INFO:wrf_massive.stages.misc.gc:-> Deleting file sim_2020-10-01/2_wps/met_em.d01.2020-10-02_18:00:00.nc.
2026-07-17 22:51:14,442 INFO:wrf_massive.stages.misc.gc:-> Deleting file sim_2020-10-01/2_wps/met_em.d01.2020-10-02_21:00:00.nc.
2026-07-17 22:51:14,444 INFO:wrf_massive.stages.misc.gc:-> Deleting file sim_2020-10-01/2_wps/met_em.d01.2020-10-03_00:00:00.nc.
2026-07-17 22:51:14,446 INFO:wrf_massive.stages.misc.gc:-> Deleting file sim_2020-10-01/2_wps/met_em.d01.2020-10-03_03:00:00.nc.
2026-07-17 22:51:14,447 INFO:wrf_massive.stages.misc.gc:-> Deleting file sim_2020-10-01/2_wps/met_em.d01.2020-10-03_06:00:00.nc.
2026-07-17 22:51:14,449 INFO:wrf_massive.stages.misc.gc:-> Deleting file sim_2020-10-01/2_wps/met_em.d01.2020-10-03_09:00:00.nc.
2026-07-17 22:51:14,451 INFO:wrf_massive.stages.misc.gc:-> Deleting file sim_2020-10-01/2_wps/met_em.d01.2020-10-03_12:00:00.nc.
2026-07-17 22:51:14,452 INFO:wrf_massive.stages.misc.gc:-> Deleting file sim_2020-10-01/2_wps/met_em.d01.2020-10-03_15:00:00.nc.
2026-07-17 22:51:14,454 INFO:wrf_massive.stages.misc.gc:-> Deleting file sim_2020-10-01/2_wps/met_em.d01.2020-10-03_18:00:00.nc.
2026-07-17 22:51:14,456 INFO:wrf_massive.stages.misc.gc:-> Deleting file sim_2020-10-01/2_wps/met_em.d01.2020-10-03_21:00:00.nc.
2026-07-17 22:51:14,458 INFO:wrf_massive.stages.misc.gc:-> Deleting file sim_2020-10-01/2_wps/met_em.d01.2020-10-04_00:00:00.nc.
2026-07-17 22:51:14,459 INFO:wrf_massive.stages.misc.gc:-> Deleting file sim_2020-10-01/2_wps/met_em.d01.2020-10-04_03:00:00.nc.
2026-07-17 22:51:14,461 INFO:wrf_massive.stages.misc.gc:-> Deleting file sim_2020-10-01/2_wps/met_em.d01.2020-10-04_06:00:00.nc.
2026-07-17 22:51:14,463 INFO:wrf_massive.stages.misc.gc:-> Deleting file sim_2020-10-01/2_wps/met_em.d01.2020-10-04_09:00:00.nc.
2026-07-17 22:51:14,464 INFO:wrf_massive.stages.misc.gc:-> Deleting file sim_2020-10-01/2_wps/met_em.d01.2020-10-04_12:00:00.nc.
2026-07-17 22:51:14,466 INFO:wrf_massive.stages.misc.gc:-> Deleting file sim_2020-10-01/2_wps/met_em.d01.2020-10-04_15:00:00.nc.
2026-07-17 22:51:14,468 INFO:wrf_massive.stages.misc.gc:-> Deleting file sim_2020-10-01/2_wps/met_em.d01.2020-10-04_18:00:00.nc.
2026-07-17 22:51:14,469 INFO:wrf_massive.stages.misc.gc:-> Deleting file sim_2020-10-01/2_wps/met_em.d01.2020-10-04_21:00:00.nc.
2026-07-17 22:51:14,471 INFO:wrf_massive.stages.misc.gc:-> Deleting file sim_2020-10-01/2_wps/met_em.d01.2020-10-05_00:00:00.nc.
2026-07-17 22:51:14,473 INFO:wrf_massive.stages.misc.gc:-> Deleting file sim_2020-10-01/2_wps/met_em.d01.2020-10-05_03:00:00.nc.
2026-07-17 22:51:14,474 INFO:wrf_massive.stages.misc.gc:-> Deleting file sim_2020-10-01/2_wps/met_em.d01.2020-10-05_06:00:00.nc.
2026-07-17 22:51:14,476 INFO:wrf_massive.stages.misc.gc:-> Deleting file sim_2020-10-01/2_wps/met_em.d01.2020-10-05_09:00:00.nc.
2026-07-17 22:51:14,478 INFO:wrf_massive.stages.misc.gc:-> Deleting file sim_2020-10-01/2_wps/met_em.d01.2020-10-05_12:00:00.nc.
2026-07-17 22:51:14,479 INFO:wrf_massive.stages.misc.gc:-> Deleting file sim_2020-10-01/2_wps/met_em.d01.2020-10-05_15:00:00.nc.
2026-07-17 22:51:14,481 INFO:wrf_massive.stages.misc.gc:-> Deleting file sim_2020-10-01/2_wps/met_em.d01.2020-10-05_18:00:00.nc.
2026-07-17 22:51:14,483 INFO:wrf_massive.stages.misc.gc:-> Deleting file sim_2020-10-01/2_wps/met_em.d01.2020-10-05_21:00:00.nc.
2026-07-17 22:51:14,485 INFO:wrf_massive.stages.misc.gc:-> Deleting file sim_2020-10-01/2_wps/met_em.d01.2020-10-06_00:00:00.nc.
2026-07-17 22:51:14,486 INFO:wrf_massive.stages.misc.gc:-> Created .done file at to mark stage for skipping.
