Running stages ['wps_gc'] for simulation <begin=datetime.datetime(2020, 4, 1, 0, 0) end=datetime.datetime(2020, 4, 6, 0, 0) warmup_h=12 settings={'physics__bl_mynn_closure': '2.5', 'physics__bl_mynn_edmf': '0', 'physics__bl_mynn_edmf_mom': '0', 'physics__bl_mynn_edmf_tke': '0', 'physics__bl_mynn_mixlength': '1', 'physics__bl_pbl_physics': '5', 'physics__sf_sfclay_physics': '5', 'physics__sf_urban_physics': '0'} sim_dir=PosixPath('sim_2020-04-01') area=BBox(north=32.0, west=-20.5, south=24.0, east=-11.0)> from 'sim_2020-04-01'...
2026-07-17 07:26:08,915 INFO:wrf_massive.wrf_massive.base:Processing simulation 2020-04-01 00:00:00 -> 2020-04-06 00:00:00 (warmup: 12h)
2026-07-17 07:26:08,916 INFO:wrf_massive.wrf_massive.base:Entering stage #1/1: wps_gc
2026-07-17 07:26:08,916 INFO:wrf_massive.wrf_massive.base:Setting up 'wps_gc'...
2026-07-17 07:26:08,916 INFO:wrf_massive.wrf_massive.base:Running stage 'wps_gc'...
2026-07-17 07:26:08,917 INFO:wrf_massive.stages.misc.gc:-> Deleting file sim_2020-04-01/2_wps/met_em.d01.2020-03-31_12:00:00.nc.
2026-07-17 07:26:08,918 INFO:wrf_massive.stages.misc.gc:-> Deleting file sim_2020-04-01/2_wps/met_em.d01.2020-03-31_15:00:00.nc.
2026-07-17 07:26:08,919 INFO:wrf_massive.stages.misc.gc:-> Deleting file sim_2020-04-01/2_wps/met_em.d01.2020-03-31_18:00:00.nc.
2026-07-17 07:26:08,920 INFO:wrf_massive.stages.misc.gc:-> Deleting file sim_2020-04-01/2_wps/met_em.d01.2020-03-31_21:00:00.nc.
2026-07-17 07:26:08,921 INFO:wrf_massive.stages.misc.gc:-> Deleting file sim_2020-04-01/2_wps/met_em.d01.2020-04-01_00:00:00.nc.
2026-07-17 07:26:08,922 INFO:wrf_massive.stages.misc.gc:-> Deleting file sim_2020-04-01/2_wps/met_em.d01.2020-04-01_03:00:00.nc.
2026-07-17 07:26:08,923 INFO:wrf_massive.stages.misc.gc:-> Deleting file sim_2020-04-01/2_wps/met_em.d01.2020-04-01_06:00:00.nc.
2026-07-17 07:26:08,924 INFO:wrf_massive.stages.misc.gc:-> Deleting file sim_2020-04-01/2_wps/met_em.d01.2020-04-01_09:00:00.nc.
2026-07-17 07:26:08,925 INFO:wrf_massive.stages.misc.gc:-> Deleting file sim_2020-04-01/2_wps/met_em.d01.2020-04-01_12:00:00.nc.
2026-07-17 07:26:08,926 INFO:wrf_massive.stages.misc.gc:-> Deleting file sim_2020-04-01/2_wps/met_em.d01.2020-04-01_15:00:00.nc.
2026-07-17 07:26:08,927 INFO:wrf_massive.stages.misc.gc:-> Deleting file sim_2020-04-01/2_wps/met_em.d01.2020-04-01_18:00:00.nc.
2026-07-17 07:26:08,928 INFO:wrf_massive.stages.misc.gc:-> Deleting file sim_2020-04-01/2_wps/met_em.d01.2020-04-01_21:00:00.nc.
2026-07-17 07:26:08,929 INFO:wrf_massive.stages.misc.gc:-> Deleting file sim_2020-04-01/2_wps/met_em.d01.2020-04-02_00:00:00.nc.
2026-07-17 07:26:08,930 INFO:wrf_massive.stages.misc.gc:-> Deleting file sim_2020-04-01/2_wps/met_em.d01.2020-04-02_03:00:00.nc.
2026-07-17 07:26:08,931 INFO:wrf_massive.stages.misc.gc:-> Deleting file sim_2020-04-01/2_wps/met_em.d01.2020-04-02_06:00:00.nc.
2026-07-17 07:26:08,931 INFO:wrf_massive.stages.misc.gc:-> Deleting file sim_2020-04-01/2_wps/met_em.d01.2020-04-02_09:00:00.nc.
2026-07-17 07:26:08,932 INFO:wrf_massive.stages.misc.gc:-> Deleting file sim_2020-04-01/2_wps/met_em.d01.2020-04-02_12:00:00.nc.
2026-07-17 07:26:08,933 INFO:wrf_massive.stages.misc.gc:-> Deleting file sim_2020-04-01/2_wps/met_em.d01.2020-04-02_15:00:00.nc.
2026-07-17 07:26:08,934 INFO:wrf_massive.stages.misc.gc:-> Deleting file sim_2020-04-01/2_wps/met_em.d01.2020-04-02_18:00:00.nc.
2026-07-17 07:26:08,935 INFO:wrf_massive.stages.misc.gc:-> Deleting file sim_2020-04-01/2_wps/met_em.d01.2020-04-02_21:00:00.nc.
2026-07-17 07:26:08,936 INFO:wrf_massive.stages.misc.gc:-> Deleting file sim_2020-04-01/2_wps/met_em.d01.2020-04-03_00:00:00.nc.
2026-07-17 07:26:08,937 INFO:wrf_massive.stages.misc.gc:-> Deleting file sim_2020-04-01/2_wps/met_em.d01.2020-04-03_03:00:00.nc.
2026-07-17 07:26:08,938 INFO:wrf_massive.stages.misc.gc:-> Deleting file sim_2020-04-01/2_wps/met_em.d01.2020-04-03_06:00:00.nc.
2026-07-17 07:26:08,939 INFO:wrf_massive.stages.misc.gc:-> Deleting file sim_2020-04-01/2_wps/met_em.d01.2020-04-03_09:00:00.nc.
2026-07-17 07:26:08,940 INFO:wrf_massive.stages.misc.gc:-> Deleting file sim_2020-04-01/2_wps/met_em.d01.2020-04-03_12:00:00.nc.
2026-07-17 07:26:08,941 INFO:wrf_massive.stages.misc.gc:-> Deleting file sim_2020-04-01/2_wps/met_em.d01.2020-04-03_15:00:00.nc.
2026-07-17 07:26:08,942 INFO:wrf_massive.stages.misc.gc:-> Deleting file sim_2020-04-01/2_wps/met_em.d01.2020-04-03_18:00:00.nc.
2026-07-17 07:26:08,943 INFO:wrf_massive.stages.misc.gc:-> Deleting file sim_2020-04-01/2_wps/met_em.d01.2020-04-03_21:00:00.nc.
2026-07-17 07:26:08,944 INFO:wrf_massive.stages.misc.gc:-> Deleting file sim_2020-04-01/2_wps/met_em.d01.2020-04-04_00:00:00.nc.
2026-07-17 07:26:08,945 INFO:wrf_massive.stages.misc.gc:-> Deleting file sim_2020-04-01/2_wps/met_em.d01.2020-04-04_03:00:00.nc.
2026-07-17 07:26:08,946 INFO:wrf_massive.stages.misc.gc:-> Deleting file sim_2020-04-01/2_wps/met_em.d01.2020-04-04_06:00:00.nc.
2026-07-17 07:26:08,947 INFO:wrf_massive.stages.misc.gc:-> Deleting file sim_2020-04-01/2_wps/met_em.d01.2020-04-04_09:00:00.nc.
2026-07-17 07:26:08,947 INFO:wrf_massive.stages.misc.gc:-> Deleting file sim_2020-04-01/2_wps/met_em.d01.2020-04-04_12:00:00.nc.
2026-07-17 07:26:08,948 INFO:wrf_massive.stages.misc.gc:-> Deleting file sim_2020-04-01/2_wps/met_em.d01.2020-04-04_15:00:00.nc.
2026-07-17 07:26:08,949 INFO:wrf_massive.stages.misc.gc:-> Deleting file sim_2020-04-01/2_wps/met_em.d01.2020-04-04_18:00:00.nc.
2026-07-17 07:26:08,950 INFO:wrf_massive.stages.misc.gc:-> Deleting file sim_2020-04-01/2_wps/met_em.d01.2020-04-04_21:00:00.nc.
2026-07-17 07:26:08,952 INFO:wrf_massive.stages.misc.gc:-> Deleting file sim_2020-04-01/2_wps/met_em.d01.2020-04-05_00:00:00.nc.
2026-07-17 07:26:08,952 INFO:wrf_massive.stages.misc.gc:-> Deleting file sim_2020-04-01/2_wps/met_em.d01.2020-04-05_03:00:00.nc.
2026-07-17 07:26:08,953 INFO:wrf_massive.stages.misc.gc:-> Deleting file sim_2020-04-01/2_wps/met_em.d01.2020-04-05_06:00:00.nc.
2026-07-17 07:26:08,954 INFO:wrf_massive.stages.misc.gc:-> Deleting file sim_2020-04-01/2_wps/met_em.d01.2020-04-05_09:00:00.nc.
2026-07-17 07:26:08,955 INFO:wrf_massive.stages.misc.gc:-> Deleting file sim_2020-04-01/2_wps/met_em.d01.2020-04-05_12:00:00.nc.
2026-07-17 07:26:08,956 INFO:wrf_massive.stages.misc.gc:-> Deleting file sim_2020-04-01/2_wps/met_em.d01.2020-04-05_15:00:00.nc.
2026-07-17 07:26:08,957 INFO:wrf_massive.stages.misc.gc:-> Deleting file sim_2020-04-01/2_wps/met_em.d01.2020-04-05_18:00:00.nc.
2026-07-17 07:26:08,958 INFO:wrf_massive.stages.misc.gc:-> Deleting file sim_2020-04-01/2_wps/met_em.d01.2020-04-05_21:00:00.nc.
2026-07-17 07:26:08,959 INFO:wrf_massive.stages.misc.gc:-> Deleting file sim_2020-04-01/2_wps/met_em.d01.2020-04-06_00:00:00.nc.
2026-07-17 07:26:08,960 INFO:wrf_massive.stages.misc.gc:-> Created .done file at to mark stage for skipping.
