Running stages ['cn2'] for simulation <begin=datetime.datetime(2020, 4, 1, 0, 0) end=datetime.datetime(2020, 4, 6, 0, 0) warmup_h=12 settings={'physics__bl_mynn_closure': '2.5', 'physics__bl_mynn_edmf': '0', 'physics__bl_mynn_edmf_mom': '0', 'physics__bl_mynn_edmf_tke': '0', 'physics__bl_mynn_mixlength': '1', 'physics__bl_pbl_physics': '5', 'physics__sf_sfclay_physics': '5', 'physics__sf_urban_physics': '0'} sim_dir=PosixPath('sim_2020-04-01') area=BBox(north=32.0, west=-20.5, south=24.0, east=-11.0)> from 'sim_2020-04-01'...
2026-07-17 07:24:07,189 INFO:wrf_massive.wrf_massive.base:Processing simulation 2020-04-01 00:00:00 -> 2020-04-06 00:00:00 (warmup: 12h)
2026-07-17 07:24:07,189 INFO:wrf_massive.wrf_massive.base:Entering stage #1/1: cn2
2026-07-17 07:24:07,189 INFO:wrf_massive.wrf_massive.base:Setting up 'cn2'...
2026-07-17 07:24:07,189 INFO:wrf_massive.stages.postproc.cn2:Setting up Cn2 post-processing working dir...
2026-07-17 07:24:07,189 INFO:wrf_massive.stages.postproc.cn2:-> .gitignore copied to sim_2020-04-01/4_postproc
2026-07-17 07:24:07,189 INFO:wrf_massive.stages.postproc.cn2:-> Setup done.
2026-07-17 07:24:07,190 INFO:wrf_massive.wrf_massive.base:Running stage 'cn2'...
2026-07-17 07:24:07,190 INFO:wrf_massive.stages.postproc.cn2:Starting parallel post-processing with 8 workers...
2026-07-17 07:24:07,213 INFO:wrf_massive.stages.postproc.cn2:Post-processing wrfout_aux_d01_2020-04-01_00:00:00...
2026-07-17 07:24:07,213 INFO:wrf_massive.stages.postproc.cn2:Post-processing wrfout_aux_d01_2020-04-01_12:00:00...
2026-07-17 07:24:07,213 INFO:wrf_massive.stages.postproc.cn2:Post-processing wrfout_aux_d01_2020-04-01_18:00:00...
2026-07-17 07:24:07,213 INFO:wrf_massive.stages.postproc.cn2:Post-processing wrfout_aux_d01_2020-04-01_06:00:00...
2026-07-17 07:24:07,213 INFO:wrf_massive.stages.postproc.cn2:Post-processing wrfout_aux_d01_2020-04-02_00:00:00...
2026-07-17 07:24:07,213 INFO:wrf_massive.stages.postproc.cn2:Post-processing wrfout_aux_d01_2020-04-02_06:00:00...
2026-07-17 07:24:07,213 INFO:wrf_massive.stages.postproc.cn2:Post-processing wrfout_aux_d01_2020-04-02_12:00:00...
2026-07-17 07:24:07,213 INFO:wrf_massive.stages.postproc.cn2:Post-processing wrfout_aux_d01_2020-04-02_18:00:00...
Reading z... Reading z... Reading z... Reading z... Reading z... Reading z... Reading z... Reading z... Done!
Reading HGT... Done!
Reading p... Done!
Reading HGT... Done!
Reading p... Done!
Reading HGT... Done!
Reading p... Done!
Reading HGT... Done!
Reading p... Done!
Reading HGT... Done!
Reading HGT... Done!
Reading p... Done!
Reading p... Done!
Reading HGT... Done!
Reading p... Done!
Reading HGT... Done!
Reading p... Done!
Reading uvmet... Done!
Reading uvmet... Done!
Reading uvmet... Done!
Reading uvmet... Done!
Reading uvmet... Done!
Reading uvmet... Done!
Reading uvmet... Done!
Reading uvmet... Done!
Reading wa... Done!
Reading wa... Done!
Reading wa... Done!
Reading wa... Done!
Reading wa... Done!
Reading wa... Done!
Reading wa... Done!
Reading wa... Done!
Reading th... Done!
Reading th... Done!
Reading th... Done!
Reading th... Done!
Reading th... Done!
Reading th... Done!
Reading th... Done!
Reading th... Done!
Reading rh... Done!
Reading rh... Done!
Reading rh... Done!
Reading rh... Done!
Reading rh... Done!
Reading rh... Done!
Reading rh... Done!
Reading rh... Done!
Reading PBLH... Done!
Reading LANDMASK... Done!
Reading PBLH... Done!
Reading slp... Done!
Reading PBLH... Done!
Reading LANDMASK... Done!
Reading LANDMASK... Done!
Reading slp... Done!
Reading slp... Done!
Reading PBLH... Done!
Reading LANDMASK... Done!
Reading slp... Done!
Reading PBLH... Done!
Reading LANDMASK... Done!
Reading slp... Done!
Reading PBLH... Done!
Reading LANDMASK... Done!
Reading slp... Done!
Reading PBLH... Done!
Reading PBLH... Done!
Reading LANDMASK... Done!
Reading slp... Done!
Reading LANDMASK... Done!
Reading slp... Done!
Reading T2... Done!
Reading U10... Done!
Reading V10... Done!
Reading LH... Done!
Reading HFX... Done!
Reading UST... Done!
Reading QKE... Done!
Reading T2... Done!
Reading U10... Done!
Reading V10... Done!
Reading LH... Done!
Reading HFX... Done!
Reading T2... Done!
Reading UST... Done!
Reading QKE... Done!
Reading U10... Done!
Reading V10... Done!
Reading LH... Done!
Reading T2... Done!
Reading HFX... Done!
Reading U10... Done!
Reading V10... Done!
Reading UST... Done!
Reading LH... Done!
Reading QKE... Done!
Reading HFX... Done!
Reading UST... Done!
Reading QKE... Done!
Reading T2... Done!
Reading U10... Done!
Reading V10... Done!
Reading LH... Done!
Reading HFX... Done!
Reading UST... Done!
Reading QKE... Done!
Reading T2... Done!
Reading U10... Done!
Reading V10... Done!
Reading LH... Done!
Reading HFX... Done!
Reading UST... Done!
Reading QKE... Done!
Reading T2... Done!
Reading U10... Done!
Reading V10... Done!
Reading LH... Done!
Reading HFX... Done!
Reading UST... Done!
Reading EL_PBL... Done!
Reading T2... Done!
Reading QKE... Done!
Reading U10... Done!
Reading V10... Done!
Reading LH... Done!
Reading HFX... Done!
Reading UST... Done!
Reading QKE... Done!
Reading EL_PBL... Done!
Reading EL_PBL... Done!
Reading EL_PBL... Done!
Reading EL_PBL... Done!
Reading EL_PBL... Done!
Reading EL_PBL... Destaggering along bottom_top_stag (1)... Done!
Reading EL_PBL... Done!
Reading TSQ... Destaggering along bottom_top_stag (1)... Done!
Reading TSQ... Destaggering along bottom_top_stag (1)... Done!
Reading TSQ... Destaggering along bottom_top_stag (1)... Destaggering along bottom_top_stag (1)... Done!
Reading TSQ... Done!
Reading TSQ... Destaggering along bottom_top_stag (1)... Done!
Reading TSQ... Destaggering along bottom_top_stag (1)... Destaggering along bottom_top_stag (1)... Done!
Reading TSQ... Done!
Reading TSQ... Done!
Reading tk... Done!
Reading tk... Done!
Reading tk... Done!
Reading tk... Done!
Reading tk... Done!
Reading tk... Done!
Reading tk... Done!
Reading tk... Done!
Done!
Done!
Done!
Done!
Done!
Done!
2026-07-17 07:24:48,059 INFO:wrf_massive.stages.postproc.cn2:-> Processing done. Expected filesize: 2.0 GB
2026-07-17 07:24:48,059 INFO:wrf_massive.stages.postproc.cn2:-> Saving to sim_2020-04-01/4_postproc/wrfout_aux_d01_2020-04-01_06-00-00_cn2.nc...
Done!
2026-07-17 07:24:48,227 INFO:wrf_massive.stages.postproc.cn2:-> Processing done. Expected filesize: 2.0 GB
2026-07-17 07:24:48,227 INFO:wrf_massive.stages.postproc.cn2:-> Saving to sim_2020-04-01/4_postproc/wrfout_aux_d01_2020-04-01_12-00-00_cn2.nc...
2026-07-17 07:24:48,297 INFO:wrf_massive.stages.postproc.cn2:-> Processing done. Expected filesize: 2.0 GB
2026-07-17 07:24:48,298 INFO:wrf_massive.stages.postproc.cn2:-> Saving to sim_2020-04-01/4_postproc/wrfout_aux_d01_2020-04-02_06-00-00_cn2.nc...
2026-07-17 07:24:48,421 INFO:wrf_massive.stages.postproc.cn2:-> Processing done. Expected filesize: 2.0 GB
2026-07-17 07:24:48,421 INFO:wrf_massive.stages.postproc.cn2:-> Saving to sim_2020-04-01/4_postproc/wrfout_aux_d01_2020-04-01_18-00-00_cn2.nc...
2026-07-17 07:24:48,479 INFO:wrf_massive.stages.postproc.cn2:-> Processing done. Expected filesize: 2.0 GB
2026-07-17 07:24:48,479 INFO:wrf_massive.stages.postproc.cn2:-> Saving to sim_2020-04-01/4_postproc/wrfout_aux_d01_2020-04-02_12-00-00_cn2.nc...
2026-07-17 07:24:48,483 INFO:wrf_massive.stages.postproc.cn2:-> Processing done. Expected filesize: 2.0 GB
2026-07-17 07:24:48,483 INFO:wrf_massive.stages.postproc.cn2:-> Saving to sim_2020-04-01/4_postproc/wrfout_aux_d01_2020-04-01_00-00-00_cn2.nc...
2026-07-17 07:24:48,660 INFO:wrf_massive.stages.postproc.cn2:-> Processing done. Expected filesize: 2.0 GB
2026-07-17 07:24:48,660 INFO:wrf_massive.stages.postproc.cn2:-> Saving to sim_2020-04-01/4_postproc/wrfout_aux_d01_2020-04-02_00-00-00_cn2.nc...
2026-07-17 07:24:48,670 INFO:wrf_massive.stages.postproc.cn2:-> Processing done. Expected filesize: 2.0 GB
2026-07-17 07:24:48,670 INFO:wrf_massive.stages.postproc.cn2:-> Saving to sim_2020-04-01/4_postproc/wrfout_aux_d01_2020-04-02_18-00-00_cn2.nc...
2026-07-17 07:24:50,327 INFO:wrf_massive.stages.postproc.cn2:Post-processing wrfout_aux_d01_2020-04-03_00:00:00...
Reading z... 2026-07-17 07:24:50,494 INFO:wrf_massive.stages.postproc.cn2:Post-processing wrfout_aux_d01_2020-04-03_06:00:00...
Reading z... 2026-07-17 07:24:50,550 INFO:wrf_massive.stages.postproc.cn2:Post-processing wrfout_aux_d01_2020-04-03_12:00:00...
Reading z... 2026-07-17 07:24:50,655 INFO:wrf_massive.stages.postproc.cn2:Post-processing wrfout_aux_d01_2020-04-03_18:00:00...
Reading z... 2026-07-17 07:24:50,717 INFO:wrf_massive.stages.postproc.cn2:Post-processing wrfout_aux_d01_2020-04-04_00:00:00...
Reading z... 2026-07-17 07:24:50,728 INFO:wrf_massive.stages.postproc.cn2:Post-processing wrfout_aux_d01_2020-04-04_06:00:00...
Reading z... 2026-07-17 07:24:50,866 INFO:wrf_massive.stages.postproc.cn2:Post-processing wrfout_aux_d01_2020-04-04_12:00:00...
Reading z... 2026-07-17 07:24:50,890 INFO:wrf_massive.stages.postproc.cn2:Post-processing wrfout_aux_d01_2020-04-04_18:00:00...
Reading z... Done!
Reading HGT... Done!
Reading p... Done!
Reading HGT... Done!
Reading p... Done!
Reading HGT... Done!
Reading p... Done!
Reading HGT... Done!
Reading p... Done!
Reading HGT... Done!
Reading p... Done!
Reading HGT... Done!
Reading p... Done!
Reading HGT... Done!
Reading p... Done!
Reading HGT... Done!
Reading p... Done!
Reading uvmet... Done!
Reading uvmet... Done!
Reading uvmet... Done!
Reading uvmet... Done!
Reading uvmet... Done!
Reading uvmet... Done!
Reading uvmet... Done!
Reading uvmet... Done!
Reading wa... Done!
Reading wa... Done!
Reading wa... Done!
Reading wa... Done!
Reading wa... Done!
Reading wa... Done!
Reading wa... Done!
Reading wa... Done!
Reading th... Done!
Reading th... Done!
Reading th... Done!
Reading th... Done!
Reading th... Done!
Reading th... Done!
Reading th... Done!
Reading th... Done!
Reading rh... Done!
Reading rh... Done!
Reading rh... Done!
Reading rh... Done!
Reading rh... Done!
Reading rh... Done!
Reading rh... Done!
Reading rh... Done!
Reading PBLH... Done!
Reading LANDMASK... Done!
Reading slp... Done!
Reading PBLH... Done!
Reading LANDMASK... Done!
Reading slp... Done!
Reading PBLH... Done!
Reading LANDMASK... Done!
Reading slp... Done!
Reading PBLH... Done!
Reading PBLH... Done!
Reading LANDMASK... Done!
Reading slp... Done!
Reading LANDMASK... Done!
Reading PBLH... Done!
Reading slp... Done!
Reading LANDMASK... Done!
Reading slp... Done!
Reading PBLH... Done!
Reading PBLH... Done!
Reading LANDMASK... Done!
Reading LANDMASK... Done!
Reading slp... Done!
Reading slp... Done!
Reading T2... Done!
Reading U10... Done!
Reading V10... Done!
Reading LH... Done!
Reading HFX... Done!
Reading UST... Done!
Reading QKE... Done!
Reading T2... Done!
Reading U10... Done!
Reading V10... Done!
Reading LH... Done!
Reading HFX... Done!
Reading UST... Done!
Reading QKE... Done!
Reading EL_PBL... Done!
Reading T2... Done!
Reading U10... Done!
Reading V10... Done!
Reading LH... Done!
Reading HFX... Done!
Reading UST... Done!
Reading QKE... Done!
Reading T2... Done!
Reading U10... Done!
Reading V10... Done!
Reading T2... Done!
Reading LH... Done!
Reading T2... Done!Done!

Reading HFX... Reading U10... Done!
Reading U10... Done!
Reading T2... Done!
Reading UST... Done!
Reading V10... Done!
Reading V10... Done!
Reading U10... Done!Done!

Reading LH... Reading LH... Done!
Reading QKE... Done!
Reading V10... Done!Done!

Reading HFX... Reading HFX... Done!
Reading LH... Done!
Reading EL_PBL... Done!
Reading T2... Done!
Reading UST... Done!
Reading UST... Done!
Reading HFX... Done!
Reading U10... Destaggering along bottom_top_stag (1)... Done!Done!

Reading UST... Reading QKE... Done!
Reading QKE... Done!
Reading V10... Done!Done!

Reading QKE... Reading LH... Done!
Reading HFX... Done!
Reading UST... Done!
Reading TSQ... Done!
Reading QKE... Done!
Reading EL_PBL... Done!
Reading EL_PBL... Done!
Reading EL_PBL... Destaggering along bottom_top_stag (1)... Done!
Reading EL_PBL... Done!
Reading EL_PBL... Done!
Reading EL_PBL... Done!
Reading TSQ... Destaggering along bottom_top_stag (1)... Done!
Reading tk... Done!
Reading TSQ... Destaggering along bottom_top_stag (1)... Destaggering along bottom_top_stag (1)... Destaggering along bottom_top_stag (1)... Destaggering along bottom_top_stag (1)... Destaggering along bottom_top_stag (1)... Done!
Reading TSQ... Done!
Reading TSQ... Done!
Reading TSQ... Done!
Reading TSQ... Done!
Reading TSQ... Done!
Reading tk... Done!
Reading tk... Done!
Reading tk... Done!
Reading tk... Done!
Reading tk... Done!
Reading tk... Done!
Reading tk... Done!
Done!
2026-07-17 07:25:25,730 INFO:wrf_massive.stages.postproc.cn2:-> Processing done. Expected filesize: 2.0 GB
2026-07-17 07:25:25,731 INFO:wrf_massive.stages.postproc.cn2:-> Saving to sim_2020-04-01/4_postproc/wrfout_aux_d01_2020-04-03_00-00-00_cn2.nc...
Done!
2026-07-17 07:25:26,475 INFO:wrf_massive.stages.postproc.cn2:-> Processing done. Expected filesize: 2.0 GB
2026-07-17 07:25:26,475 INFO:wrf_massive.stages.postproc.cn2:-> Saving to sim_2020-04-01/4_postproc/wrfout_aux_d01_2020-04-03_06-00-00_cn2.nc...
Done!
Done!
Done!
Done!
Done!
2026-07-17 07:25:27,060 INFO:wrf_massive.stages.postproc.cn2:-> Processing done. Expected filesize: 2.0 GB
2026-07-17 07:25:27,061 INFO:wrf_massive.stages.postproc.cn2:-> Saving to sim_2020-04-01/4_postproc/wrfout_aux_d01_2020-04-04_00-00-00_cn2.nc...
2026-07-17 07:25:27,769 INFO:wrf_massive.stages.postproc.cn2:-> Processing done. Expected filesize: 2.0 GB
2026-07-17 07:25:27,770 INFO:wrf_massive.stages.postproc.cn2:-> Saving to sim_2020-04-01/4_postproc/wrfout_aux_d01_2020-04-04_06-00-00_cn2.nc...
2026-07-17 07:25:27,933 INFO:wrf_massive.stages.postproc.cn2:-> Processing done. Expected filesize: 2.0 GB
2026-07-17 07:25:27,933 INFO:wrf_massive.stages.postproc.cn2:-> Saving to sim_2020-04-01/4_postproc/wrfout_aux_d01_2020-04-04_12-00-00_cn2.nc...
2026-07-17 07:25:27,935 INFO:wrf_massive.stages.postproc.cn2:-> Processing done. Expected filesize: 2.0 GB
2026-07-17 07:25:27,935 INFO:wrf_massive.stages.postproc.cn2:-> Saving to sim_2020-04-01/4_postproc/wrfout_aux_d01_2020-04-04_18-00-00_cn2.nc...
2026-07-17 07:25:28,009 INFO:wrf_massive.stages.postproc.cn2:-> Processing done. Expected filesize: 2.0 GB
2026-07-17 07:25:28,010 INFO:wrf_massive.stages.postproc.cn2:-> Saving to sim_2020-04-01/4_postproc/wrfout_aux_d01_2020-04-03_18-00-00_cn2.nc...
2026-07-17 07:25:28,079 INFO:wrf_massive.stages.postproc.cn2:-> Processing done. Expected filesize: 2.0 GB
2026-07-17 07:25:28,080 INFO:wrf_massive.stages.postproc.cn2:-> Saving to sim_2020-04-01/4_postproc/wrfout_aux_d01_2020-04-03_12-00-00_cn2.nc...
2026-07-17 07:25:29,328 INFO:wrf_massive.stages.postproc.cn2:Post-processing wrfout_aux_d01_2020-04-05_00:00:00...
Reading z... 2026-07-17 07:25:30,016 INFO:wrf_massive.stages.postproc.cn2:Post-processing wrfout_aux_d01_2020-04-05_06:00:00...
Reading z... 2026-07-17 07:25:30,511 INFO:wrf_massive.stages.postproc.cn2:Post-processing wrfout_aux_d01_2020-04-05_12:00:00...
Reading z... 2026-07-17 07:25:31,188 INFO:wrf_massive.stages.postproc.cn2:Post-processing wrfout_aux_d01_2020-04-05_18:00:00...
Reading z... 2026-07-17 07:25:31,218 INFO:wrf_massive.stages.postproc.cn2:Post-processing wrfout_aux_d01_2020-04-06_00:00:00...
Reading z... Done!
Reading HGT... Done!
Reading p... Done!
Reading uvmet... Done!
Reading HGT... Done!
Reading p... Done!
Reading HGT... Done!
Reading p... Done!
Reading wa... Done!
Reading HGT... Done!
Reading p... Done!
Reading th... Done!
Reading rh... Done!
Reading HGT... Done!
Reading p... Done!
Reading uvmet... Done!
Reading uvmet... Done!
Reading PBLH... Done!
Reading LANDMASK... Done!
Reading slp... Done!
Reading uvmet... Done!
Reading uvmet... Done!
Reading T2... Done!
Reading U10... Done!
Reading V10... Done!
Reading LH... Done!
Reading HFX... Done!
Reading UST... Done!
Reading QKE... Done!
Reading EL_PBL... Destaggering along bottom_top_stag (0)... Done!
Reading TSQ... Done!
Reading tk... Done!
2026-07-17 07:25:36,878 INFO:wrf_massive.stages.postproc.cn2:-> Processing done. Expected filesize: 0.3 GB
2026-07-17 07:25:36,878 INFO:wrf_massive.stages.postproc.cn2:-> Saving to sim_2020-04-01/4_postproc/wrfout_aux_d01_2020-04-06_00-00-00_cn2.nc...
Done!
Reading wa... Done!
Reading wa... Done!
Reading wa... Done!
Reading wa... Done!
Reading th... Done!
Reading th... Done!
Reading th... Done!
Reading rh... Done!
Reading th... Done!
Reading rh... Done!
Reading rh... Done!
Reading rh... Done!
Reading PBLH... Done!
Reading LANDMASK... Done!
Reading slp... Done!
Reading PBLH... Done!
Reading LANDMASK... Done!
Reading slp... Done!
Reading PBLH... Done!
Reading LANDMASK... Done!
Reading slp... Done!
Reading PBLH... Done!
Reading LANDMASK... Done!
Reading slp... Done!
Reading T2... Done!
Reading U10... Done!
Reading V10... Done!
Reading LH... Done!
Reading HFX... Done!
Reading UST... Done!
Reading T2... Done!
Reading QKE... Done!
Reading U10... Done!
Reading V10... Done!
Reading LH... Done!
Reading HFX... Done!
Reading UST... Done!
Reading QKE... Done!
Reading T2... Done!
Reading U10... Done!
Reading V10... Done!
Reading LH... Done!
Reading HFX... Done!
Reading UST... Done!
Reading QKE... Done!
Reading EL_PBL... Done!
Reading EL_PBL... Done!
Reading T2... Done!
Reading U10... Done!
Reading V10... Done!
Reading LH... Done!
Reading HFX... Done!
Reading UST... Done!
Reading QKE... Done!
Reading EL_PBL... Destaggering along bottom_top_stag (1)... Destaggering along bottom_top_stag (1)... Done!
Reading TSQ... Done!
Reading TSQ... Done!
Reading EL_PBL... Destaggering along bottom_top_stag (1)... Done!
Reading TSQ... Done!
Reading tk... Done!
Reading tk... Destaggering along bottom_top_stag (1)... Done!
Reading TSQ... Done!
Reading tk... Done!
Reading tk... Done!
Done!
Done!
2026-07-17 07:26:02,956 INFO:wrf_massive.stages.postproc.cn2:-> Processing done. Expected filesize: 2.0 GB
2026-07-17 07:26:02,956 INFO:wrf_massive.stages.postproc.cn2:-> Saving to sim_2020-04-01/4_postproc/wrfout_aux_d01_2020-04-05_12-00-00_cn2.nc...
2026-07-17 07:26:02,971 INFO:wrf_massive.stages.postproc.cn2:-> Processing done. Expected filesize: 2.0 GB
2026-07-17 07:26:02,971 INFO:wrf_massive.stages.postproc.cn2:-> Saving to sim_2020-04-01/4_postproc/wrfout_aux_d01_2020-04-05_06-00-00_cn2.nc...
Done!
2026-07-17 07:26:03,304 INFO:wrf_massive.stages.postproc.cn2:-> Processing done. Expected filesize: 2.0 GB
2026-07-17 07:26:03,304 INFO:wrf_massive.stages.postproc.cn2:-> Saving to sim_2020-04-01/4_postproc/wrfout_aux_d01_2020-04-05_00-00-00_cn2.nc...
2026-07-17 07:26:04,208 INFO:wrf_massive.stages.postproc.cn2:-> Processing done. Expected filesize: 2.0 GB
2026-07-17 07:26:04,209 INFO:wrf_massive.stages.postproc.cn2:-> Saving to sim_2020-04-01/4_postproc/wrfout_aux_d01_2020-04-05_18-00-00_cn2.nc...
2026-07-17 07:26:07,026 INFO:wrf_massive.stages.postproc.cn2:Done!
