Running stages ['cn2'] for simulation <begin=datetime.datetime(2020, 7, 1, 0, 0) end=datetime.datetime(2020, 7, 6, 0, 0) warmup_h=12 settings={'physics__bl_mynn_closure': '2.5', 'physics__bl_mynn_edmf': '0', 'physics__bl_mynn_edmf_mom': '0', 'physics__bl_mynn_edmf_tke': '0', 'physics__bl_mynn_mixlength': '1', 'physics__bl_pbl_physics': '5', 'physics__sf_sfclay_physics': '5', 'physics__sf_urban_physics': '0'} sim_dir=PosixPath('sim_2020-07-01') area=BBox(north=32.0, west=-20.5, south=24.0, east=-11.0)> from 'sim_2020-07-01'...
2026-07-17 15:05:26,655 INFO:wrf_massive.wrf_massive.base:Processing simulation 2020-07-01 00:00:00 -> 2020-07-06 00:00:00 (warmup: 12h)
2026-07-17 15:05:26,656 INFO:wrf_massive.wrf_massive.base:Entering stage #1/1: cn2
2026-07-17 15:05:26,656 INFO:wrf_massive.wrf_massive.base:Setting up 'cn2'...
2026-07-17 15:05:26,656 INFO:wrf_massive.stages.postproc.cn2:Setting up Cn2 post-processing working dir...
2026-07-17 15:05:26,656 INFO:wrf_massive.stages.postproc.cn2:-> .gitignore copied to sim_2020-07-01/4_postproc
2026-07-17 15:05:26,656 INFO:wrf_massive.stages.postproc.cn2:-> Setup done.
2026-07-17 15:05:26,657 INFO:wrf_massive.wrf_massive.base:Running stage 'cn2'...
2026-07-17 15:05:26,657 INFO:wrf_massive.stages.postproc.cn2:Starting parallel post-processing with 8 workers...
2026-07-17 15:05:26,680 INFO:wrf_massive.stages.postproc.cn2:Post-processing wrfout_aux_d01_2020-07-01_00:00:00...
2026-07-17 15:05:26,680 INFO:wrf_massive.stages.postproc.cn2:Post-processing wrfout_aux_d01_2020-07-01_06:00:00...
2026-07-17 15:05:26,681 INFO:wrf_massive.stages.postproc.cn2:Post-processing wrfout_aux_d01_2020-07-01_12:00:00...
2026-07-17 15:05:26,681 INFO:wrf_massive.stages.postproc.cn2:Post-processing wrfout_aux_d01_2020-07-01_18:00:00...
2026-07-17 15:05:26,681 INFO:wrf_massive.stages.postproc.cn2:Post-processing wrfout_aux_d01_2020-07-02_00:00:00...
2026-07-17 15:05:26,681 INFO:wrf_massive.stages.postproc.cn2:Post-processing wrfout_aux_d01_2020-07-02_12:00:00...
2026-07-17 15:05:26,681 INFO:wrf_massive.stages.postproc.cn2:Post-processing wrfout_aux_d01_2020-07-02_06:00:00...
2026-07-17 15:05:26,683 INFO:wrf_massive.stages.postproc.cn2:Post-processing wrfout_aux_d01_2020-07-02_18:00:00...
Reading z... Reading z... Reading z... Reading z... Reading z... Reading z... Reading z... Reading z... Done!
Reading HGT... Done!
Reading p... Done!
Reading HGT... Done!
Reading HGT... Done!Done!

Reading p... Reading p... Done!
Reading HGT... Done!
Reading p... Done!
Reading HGT... Done!
Reading p... Done!
Reading HGT... Done!
Reading p... Done!
Reading HGT... Done!
Reading HGT... Done!
Reading p... Done!
Reading p... Done!
Reading uvmet... Done!
Reading uvmet... Done!
Reading uvmet... Done!
Reading uvmet... Done!
Reading uvmet... Done!
Reading uvmet... Done!
Reading uvmet... Done!
Reading uvmet... Done!
Reading wa... Done!
Reading wa... Done!
Reading wa... Done!
Reading wa... Done!
Reading wa... Done!
Reading wa... Done!
Reading wa... Done!
Reading wa... Done!
Reading th... Done!
Reading th... Done!
Reading th... Done!
Reading th... Done!
Reading th... Done!
Reading th... Done!
Reading th... Done!
Reading th... Done!
Reading rh... Done!
Reading rh... Done!
Reading rh... Done!
Reading rh... Done!
Reading rh... Done!
Reading rh... Done!
Reading rh... Done!
Reading rh... Done!
Reading PBLH... Done!
Reading LANDMASK... Done!
Reading slp... Done!
Reading PBLH... Done!
Reading LANDMASK... Done!
Reading slp... Done!
Reading PBLH... Done!
Reading LANDMASK... Done!
Reading slp... Done!
Reading PBLH... Done!
Reading LANDMASK... Done!
Reading slp... Done!
Reading PBLH... Done!
Reading LANDMASK... Done!
Reading slp... Done!
Reading PBLH... Done!
Reading LANDMASK... Done!
Reading PBLH... Done!
Reading slp... Done!
Reading LANDMASK... Done!
Reading PBLH... Done!
Reading slp... Done!
Reading LANDMASK... Done!
Reading slp... Done!
Reading T2... Done!
Reading U10... Done!
Reading V10... Done!
Reading LH... Done!
Reading HFX... Done!
Reading UST... Done!
Reading QKE... Done!
Reading T2... Done!
Reading U10... Done!
Reading V10... Done!
Reading LH... Done!
Reading HFX... Done!
Reading UST... Done!
Reading QKE... Done!
Reading T2... Done!
Reading U10... Done!
Reading V10... Done!
Reading LH... Done!
Reading HFX... Done!
Reading UST... Done!
Reading QKE... Done!
Reading T2... Done!
Reading U10... Done!
Reading V10... Done!
Reading LH... Done!
Reading HFX... Done!
Reading UST... Done!
Reading T2... Done!
Reading QKE... Done!
Reading U10... Done!
Reading V10... Done!
Reading LH... Done!
Reading HFX... Done!
Reading EL_PBL... Done!
Reading UST... Done!
Reading QKE... Done!
Reading T2... Done!
Reading U10... Done!
Reading V10... Done!
Reading T2... Done!
Reading T2... Done!
Reading LH... Done!
Reading U10... Done!
Reading U10... Done!
Reading HFX... Done!
Reading V10... Done!
Reading V10... Done!
Reading UST... Done!
Reading LH... Done!
Reading LH... Done!
Reading QKE... Done!
Reading HFX... Done!
Reading HFX... Done!Done!

Reading UST... Reading UST... Done!
Reading QKE... Done!
Reading QKE... Done!
Reading EL_PBL... Done!
Reading EL_PBL... Done!
Reading EL_PBL... Destaggering along bottom_top_stag (1)... Done!
Reading EL_PBL... Done!
Reading TSQ... Done!
Reading EL_PBL... Done!
Reading EL_PBL... Done!
Reading EL_PBL... Destaggering along bottom_top_stag (1)... Done!
Reading TSQ... Destaggering along bottom_top_stag (1)... Done!
Reading TSQ... Destaggering along bottom_top_stag (1)... Destaggering along bottom_top_stag (1)... Done!
Reading TSQ... Done!
Reading TSQ... Destaggering along bottom_top_stag (1)... Done!
Reading tk... Destaggering along bottom_top_stag (1)... Destaggering along bottom_top_stag (1)... Done!
Reading TSQ... Done!
Reading TSQ... Done!
Reading TSQ... Done!
Reading tk... Done!
Reading tk... Done!
Reading tk... Done!
Reading tk... Done!
Reading tk... Done!
Reading tk... Done!
Reading tk... Done!
Done!
Done!
Done!
2026-07-17 15:05:51,109 INFO:wrf_massive.stages.postproc.cn2:-> Processing done. Expected filesize: 2.0 GB
2026-07-17 15:05:51,109 INFO:wrf_massive.stages.postproc.cn2:-> Saving to sim_2020-07-01/4_postproc/wrfout_aux_d01_2020-07-01_06-00-00_cn2.nc...
Done!
Done!
2026-07-17 15:05:51,318 INFO:wrf_massive.stages.postproc.cn2:-> Processing done. Expected filesize: 2.0 GB
2026-07-17 15:05:51,318 INFO:wrf_massive.stages.postproc.cn2:-> Saving to sim_2020-07-01/4_postproc/wrfout_aux_d01_2020-07-01_12-00-00_cn2.nc...
Done!
Done!
2026-07-17 15:05:51,429 INFO:wrf_massive.stages.postproc.cn2:-> Processing done. Expected filesize: 2.0 GB
2026-07-17 15:05:51,429 INFO:wrf_massive.stages.postproc.cn2:-> Saving to sim_2020-07-01/4_postproc/wrfout_aux_d01_2020-07-02_18-00-00_cn2.nc...
2026-07-17 15:05:51,665 INFO:wrf_massive.stages.postproc.cn2:-> Processing done. Expected filesize: 2.0 GB
2026-07-17 15:05:51,665 INFO:wrf_massive.stages.postproc.cn2:-> Saving to sim_2020-07-01/4_postproc/wrfout_aux_d01_2020-07-02_06-00-00_cn2.nc...
2026-07-17 15:05:51,738 INFO:wrf_massive.stages.postproc.cn2:-> Processing done. Expected filesize: 2.0 GB
2026-07-17 15:05:51,738 INFO:wrf_massive.stages.postproc.cn2:-> Saving to sim_2020-07-01/4_postproc/wrfout_aux_d01_2020-07-01_00-00-00_cn2.nc...
2026-07-17 15:05:51,957 INFO:wrf_massive.stages.postproc.cn2:-> Processing done. Expected filesize: 2.0 GB
2026-07-17 15:05:51,957 INFO:wrf_massive.stages.postproc.cn2:-> Saving to sim_2020-07-01/4_postproc/wrfout_aux_d01_2020-07-02_12-00-00_cn2.nc...
2026-07-17 15:05:51,964 INFO:wrf_massive.stages.postproc.cn2:-> Processing done. Expected filesize: 2.0 GB
2026-07-17 15:05:51,964 INFO:wrf_massive.stages.postproc.cn2:-> Saving to sim_2020-07-01/4_postproc/wrfout_aux_d01_2020-07-02_00-00-00_cn2.nc...
2026-07-17 15:05:51,983 INFO:wrf_massive.stages.postproc.cn2:-> Processing done. Expected filesize: 2.0 GB
2026-07-17 15:05:51,983 INFO:wrf_massive.stages.postproc.cn2:-> Saving to sim_2020-07-01/4_postproc/wrfout_aux_d01_2020-07-01_18-00-00_cn2.nc...
2026-07-17 15:05:53,392 INFO:wrf_massive.stages.postproc.cn2:Post-processing wrfout_aux_d01_2020-07-03_00:00:00...
Reading z... 2026-07-17 15:05:53,565 INFO:wrf_massive.stages.postproc.cn2:Post-processing wrfout_aux_d01_2020-07-03_06:00:00...
Reading z... 2026-07-17 15:05:53,642 INFO:wrf_massive.stages.postproc.cn2:Post-processing wrfout_aux_d01_2020-07-03_12:00:00...
Reading z... 2026-07-17 15:05:53,880 INFO:wrf_massive.stages.postproc.cn2:Post-processing wrfout_aux_d01_2020-07-03_18:00:00...
Reading z... 2026-07-17 15:05:53,981 INFO:wrf_massive.stages.postproc.cn2:Post-processing wrfout_aux_d01_2020-07-04_00:00:00...
Reading z... 2026-07-17 15:05:54,143 INFO:wrf_massive.stages.postproc.cn2:Post-processing wrfout_aux_d01_2020-07-04_06:00:00...
Reading z... 2026-07-17 15:05:54,154 INFO:wrf_massive.stages.postproc.cn2:Post-processing wrfout_aux_d01_2020-07-04_12:00:00...
Reading z... 2026-07-17 15:05:54,177 INFO:wrf_massive.stages.postproc.cn2:Post-processing wrfout_aux_d01_2020-07-04_18:00:00...
Reading z... Done!
Reading HGT... Done!
Reading p... Done!
Reading HGT... Done!
Reading p... Done!
Reading HGT... Done!
Reading p... Done!
Reading HGT... Done!
Reading p... Done!
Reading HGT... Done!
Reading p... Done!
Reading HGT... Done!
Reading p... Done!
Reading HGT... Done!
Reading p... Done!
Reading HGT... Done!
Reading p... Done!
Reading uvmet... Done!
Reading uvmet... Done!
Reading uvmet... Done!
Reading uvmet... Done!
Reading uvmet... Done!
Reading uvmet... Done!
Reading uvmet... Done!
Reading uvmet... Done!
Reading wa... Done!
Reading wa... Done!
Reading wa... Done!
Reading wa... Done!
Reading wa... Done!
Reading wa... Done!
Reading wa... Done!
Reading wa... Done!
Reading th... Done!
Reading th... Done!
Reading th... Done!
Reading rh... Done!
Reading th... Done!
Reading th... Done!
Reading rh... Done!
Reading th... Done!
Reading rh... Done!
Reading th... Done!
Reading th... Done!
Reading rh... Done!
Reading rh... Done!
Reading rh... Done!
Reading rh... Done!
Reading rh... Done!
Reading PBLH... Done!
Reading LANDMASK... Done!
Reading slp... Done!
Reading PBLH... Done!
Reading LANDMASK... Done!
Reading slp... Done!
Reading PBLH... Done!
Reading LANDMASK... Done!
Reading slp... Done!
Reading PBLH... Done!
Reading LANDMASK... Done!
Reading slp... Done!
Reading PBLH... Done!
Reading LANDMASK... Done!
Reading slp... Done!
Reading PBLH... Done!
Reading LANDMASK... Done!
Reading slp... Done!
Reading PBLH... Done!
Reading LANDMASK... Done!
Reading slp... Done!
Reading PBLH... Done!
Reading LANDMASK... Done!
Reading slp... Done!
Reading T2... Done!
Reading T2... Done!
Reading U10... Done!
Reading U10... Done!
Reading V10... Done!
Reading V10... Done!
Reading LH... Done!
Reading HFX... Done!
Reading LH... Done!Done!

Reading UST... Reading HFX... Done!
Reading UST... Done!
Reading QKE... Done!
Reading QKE... Done!
Reading T2... Done!
Reading U10... Done!
Reading V10... Done!
Reading LH... Done!
Reading HFX... Done!
Reading UST... Done!
Reading QKE... Done!
Reading T2... Done!
Reading U10... Done!
Reading V10... Done!
Reading LH... Done!
Reading HFX... Done!
Reading UST... Done!
Reading QKE... Done!
Reading EL_PBL... Done!
Reading EL_PBL... Done!
Reading T2... Done!
Reading U10... Done!
Reading V10... Done!
Reading LH... Done!
Reading HFX... Done!
Reading UST... Done!
Reading EL_PBL... Done!
Reading QKE... Done!
Reading T2... Done!
Reading EL_PBL... Done!
Reading U10... Destaggering along bottom_top_stag (1)... Done!
Reading V10... Done!
Reading LH... Destaggering along bottom_top_stag (1)... Done!
Reading HFX... Done!
Reading UST... Done!
Reading QKE... Done!
Reading T2... Done!
Reading TSQ... Done!
Reading U10... Done!
Reading TSQ... Done!
Reading V10... Done!
Reading LH... Done!
Reading T2... Done!Done!

Reading HFX... Reading U10... Done!
Reading UST... Done!
Reading V10... Done!
Reading LH... Done!
Reading QKE... Done!
Reading HFX... Done!
Reading UST... Done!
Reading QKE... Done!
Reading EL_PBL... Destaggering along bottom_top_stag (1)... Done!
Reading TSQ... Destaggering along bottom_top_stag (1)... Done!
Reading TSQ... Done!
Reading EL_PBL... Done!
Reading EL_PBL... Done!
Reading EL_PBL... Done!
Reading tk... Done!
Reading tk... Destaggering along bottom_top_stag (1)... Done!
Reading TSQ... Done!
Reading tk... Destaggering along bottom_top_stag (1)... Done!
Reading TSQ... Destaggering along bottom_top_stag (1)... Done!
Reading tk... Destaggering along bottom_top_stag (1)... Done!
Reading TSQ... Done!
Reading TSQ... Done!
Reading tk... Done!
Reading tk... Done!
Reading tk... Done!
Reading tk... Done!
Done!
Done!
Done!
2026-07-17 15:06:16,446 INFO:wrf_massive.stages.postproc.cn2:-> Processing done. Expected filesize: 2.0 GB
2026-07-17 15:06:16,446 INFO:wrf_massive.stages.postproc.cn2:-> Saving to sim_2020-07-01/4_postproc/wrfout_aux_d01_2020-07-03_06-00-00_cn2.nc...
2026-07-17 15:06:16,517 INFO:wrf_massive.stages.postproc.cn2:-> Processing done. Expected filesize: 2.0 GB
2026-07-17 15:06:16,518 INFO:wrf_massive.stages.postproc.cn2:-> Saving to sim_2020-07-01/4_postproc/wrfout_aux_d01_2020-07-03_00-00-00_cn2.nc...
Done!
2026-07-17 15:06:16,731 INFO:wrf_massive.stages.postproc.cn2:-> Processing done. Expected filesize: 2.0 GB
2026-07-17 15:06:16,731 INFO:wrf_massive.stages.postproc.cn2:-> Saving to sim_2020-07-01/4_postproc/wrfout_aux_d01_2020-07-03_12-00-00_cn2.nc...
2026-07-17 15:06:16,941 INFO:wrf_massive.stages.postproc.cn2:-> Processing done. Expected filesize: 2.0 GB
2026-07-17 15:06:16,941 INFO:wrf_massive.stages.postproc.cn2:-> Saving to sim_2020-07-01/4_postproc/wrfout_aux_d01_2020-07-03_18-00-00_cn2.nc...
Done!
Done!
Done!
2026-07-17 15:06:17,314 INFO:wrf_massive.stages.postproc.cn2:-> Processing done. Expected filesize: 2.0 GB
2026-07-17 15:06:17,314 INFO:wrf_massive.stages.postproc.cn2:-> Saving to sim_2020-07-01/4_postproc/wrfout_aux_d01_2020-07-04_00-00-00_cn2.nc...
2026-07-17 15:06:17,727 INFO:wrf_massive.stages.postproc.cn2:-> Processing done. Expected filesize: 2.0 GB
2026-07-17 15:06:17,727 INFO:wrf_massive.stages.postproc.cn2:-> Saving to sim_2020-07-01/4_postproc/wrfout_aux_d01_2020-07-04_06-00-00_cn2.nc...
2026-07-17 15:06:17,729 INFO:wrf_massive.stages.postproc.cn2:-> Processing done. Expected filesize: 2.0 GB
2026-07-17 15:06:17,729 INFO:wrf_massive.stages.postproc.cn2:-> Saving to sim_2020-07-01/4_postproc/wrfout_aux_d01_2020-07-04_18-00-00_cn2.nc...
2026-07-17 15:06:17,729 INFO:wrf_massive.stages.postproc.cn2:-> Processing done. Expected filesize: 2.0 GB
2026-07-17 15:06:17,729 INFO:wrf_massive.stages.postproc.cn2:-> Saving to sim_2020-07-01/4_postproc/wrfout_aux_d01_2020-07-04_12-00-00_cn2.nc...
2026-07-17 15:06:18,639 INFO:wrf_massive.stages.postproc.cn2:Post-processing wrfout_aux_d01_2020-07-05_00:00:00...
Reading z... 2026-07-17 15:06:18,720 INFO:wrf_massive.stages.postproc.cn2:Post-processing wrfout_aux_d01_2020-07-05_06:00:00...
Reading z... 2026-07-17 15:06:18,913 INFO:wrf_massive.stages.postproc.cn2:Post-processing wrfout_aux_d01_2020-07-05_12:00:00...
Reading z... 2026-07-17 15:06:19,125 INFO:wrf_massive.stages.postproc.cn2:Post-processing wrfout_aux_d01_2020-07-05_18:00:00...
Reading z... 2026-07-17 15:06:19,479 INFO:wrf_massive.stages.postproc.cn2:Post-processing wrfout_aux_d01_2020-07-06_00:00:00...
Reading z... Done!
Reading HGT... Done!
Reading p... Done!
Reading uvmet... Done!
Reading HGT... Done!
Reading p... Done!
Reading wa... Done!
Reading th... Done!
Reading rh... Done!
Reading HGT... Done!
Reading p... Done!
Reading HGT... Done!
Reading p... Done!
Reading HGT... Done!
Reading p... Done!
Reading PBLH... Done!
Reading LANDMASK... Done!
Reading slp... Done!
Reading uvmet... Done!
Reading T2... Done!
Reading U10... Done!
Reading V10... Done!
Reading LH... Done!
Reading HFX... Done!
Reading UST... Done!
Reading QKE... Done!
Reading EL_PBL... Destaggering along bottom_top_stag (0)... Done!
Reading TSQ... Done!
Reading uvmet... Done!
Reading tk... Done!
Reading uvmet... Done!
Done!
Reading uvmet... 2026-07-17 15:06:22,190 INFO:wrf_massive.stages.postproc.cn2:-> Processing done. Expected filesize: 0.3 GB
2026-07-17 15:06:22,190 INFO:wrf_massive.stages.postproc.cn2:-> Saving to sim_2020-07-01/4_postproc/wrfout_aux_d01_2020-07-06_00-00-00_cn2.nc...
Done!
Reading wa... Done!
Reading wa... Done!
Reading wa... Done!
Reading wa... Done!
Reading th... Done!
Reading th... Done!
Reading rh... Done!
Reading th... Done!
Reading th... Done!
Reading rh... Done!
Reading rh... Done!
Reading rh... Done!
Reading PBLH... Done!
Reading LANDMASK... Done!
Reading slp... Done!
Reading PBLH... Done!
Reading LANDMASK... Done!
Reading slp... Done!
Reading PBLH... Done!
Reading LANDMASK... Done!
Reading slp... Done!
Reading PBLH... Done!
Reading LANDMASK... Done!
Reading slp... Done!
Reading T2... Done!
Reading U10... Done!
Reading V10... Done!
Reading LH... Done!
Reading HFX... Done!
Reading UST... Done!
Reading QKE... Done!
Reading T2... Done!
Reading U10... Done!
Reading V10... Done!
Reading LH... Done!
Reading HFX... Done!
Reading UST... Done!
Reading QKE... Done!
Reading EL_PBL... Done!
Reading T2... Done!
Reading U10... Done!
Reading V10... Done!
Reading LH... Done!
Reading HFX... Done!
Reading UST... Done!
Reading QKE... Done!
Reading T2... Done!
Reading U10... Done!
Reading V10... Done!
Reading LH... Done!
Reading HFX... Done!
Reading UST... Done!
Reading EL_PBL... Done!
Reading QKE... Destaggering along bottom_top_stag (1)... Done!
Reading TSQ... Done!
Reading EL_PBL... Done!
Reading EL_PBL... Destaggering along bottom_top_stag (1)... Done!
Reading TSQ... Done!
Reading tk... Destaggering along bottom_top_stag (1)... Done!
Reading TSQ... Destaggering along bottom_top_stag (1)... Done!
Reading TSQ... Done!
Reading tk... Done!
Reading tk... Done!
Reading tk... Done!
Done!
2026-07-17 15:06:36,838 INFO:wrf_massive.stages.postproc.cn2:-> Processing done. Expected filesize: 2.0 GB
2026-07-17 15:06:36,838 INFO:wrf_massive.stages.postproc.cn2:-> Saving to sim_2020-07-01/4_postproc/wrfout_aux_d01_2020-07-05_00-00-00_cn2.nc...
Done!
2026-07-17 15:06:37,156 INFO:wrf_massive.stages.postproc.cn2:-> Processing done. Expected filesize: 2.0 GB
2026-07-17 15:06:37,156 INFO:wrf_massive.stages.postproc.cn2:-> Saving to sim_2020-07-01/4_postproc/wrfout_aux_d01_2020-07-05_18-00-00_cn2.nc...
Done!
2026-07-17 15:06:37,653 INFO:wrf_massive.stages.postproc.cn2:-> Processing done. Expected filesize: 2.0 GB
2026-07-17 15:06:37,653 INFO:wrf_massive.stages.postproc.cn2:-> Saving to sim_2020-07-01/4_postproc/wrfout_aux_d01_2020-07-05_06-00-00_cn2.nc...
2026-07-17 15:06:38,053 INFO:wrf_massive.stages.postproc.cn2:-> Processing done. Expected filesize: 2.0 GB
2026-07-17 15:06:38,053 INFO:wrf_massive.stages.postproc.cn2:-> Saving to sim_2020-07-01/4_postproc/wrfout_aux_d01_2020-07-05_12-00-00_cn2.nc...
2026-07-17 15:06:40,775 INFO:wrf_massive.stages.postproc.cn2:Done!
