Running stages ['wps_gc'] for simulation <begin=datetime.datetime(2020, 7, 1, 0, 0) end=datetime.datetime(2020, 7, 6, 0, 0) warmup_h=12 settings={'physics__bl_mynn_closure': '2.5', 'physics__bl_mynn_edmf': '0', 'physics__bl_mynn_edmf_mom': '0', 'physics__bl_mynn_edmf_tke': '0', 'physics__bl_mynn_mixlength': '1', 'physics__bl_pbl_physics': '5', 'physics__sf_sfclay_physics': '5', 'physics__sf_urban_physics': '0'} sim_dir=PosixPath('sim_2020-07-01') area=BBox(north=32.0, west=-20.5, south=24.0, east=-11.0)> from 'sim_2020-07-01'...
2026-07-17 15:06:42,536 INFO:wrf_massive.wrf_massive.base:Processing simulation 2020-07-01 00:00:00 -> 2020-07-06 00:00:00 (warmup: 12h)
2026-07-17 15:06:42,536 INFO:wrf_massive.wrf_massive.base:Entering stage #1/1: wps_gc
2026-07-17 15:06:42,536 INFO:wrf_massive.wrf_massive.base:Setting up 'wps_gc'...
2026-07-17 15:06:42,536 INFO:wrf_massive.wrf_massive.base:Running stage 'wps_gc'...
2026-07-17 15:06:42,537 INFO:wrf_massive.stages.misc.gc:-> Deleting file sim_2020-07-01/2_wps/met_em.d01.2020-06-30_12:00:00.nc.
2026-07-17 15:06:42,538 INFO:wrf_massive.stages.misc.gc:-> Deleting file sim_2020-07-01/2_wps/met_em.d01.2020-06-30_15:00:00.nc.
2026-07-17 15:06:42,539 INFO:wrf_massive.stages.misc.gc:-> Deleting file sim_2020-07-01/2_wps/met_em.d01.2020-06-30_18:00:00.nc.
2026-07-17 15:06:42,540 INFO:wrf_massive.stages.misc.gc:-> Deleting file sim_2020-07-01/2_wps/met_em.d01.2020-06-30_21:00:00.nc.
2026-07-17 15:06:42,541 INFO:wrf_massive.stages.misc.gc:-> Deleting file sim_2020-07-01/2_wps/met_em.d01.2020-07-01_00:00:00.nc.
2026-07-17 15:06:42,542 INFO:wrf_massive.stages.misc.gc:-> Deleting file sim_2020-07-01/2_wps/met_em.d01.2020-07-01_03:00:00.nc.
2026-07-17 15:06:42,543 INFO:wrf_massive.stages.misc.gc:-> Deleting file sim_2020-07-01/2_wps/met_em.d01.2020-07-01_06:00:00.nc.
2026-07-17 15:06:42,543 INFO:wrf_massive.stages.misc.gc:-> Deleting file sim_2020-07-01/2_wps/met_em.d01.2020-07-01_09:00:00.nc.
2026-07-17 15:06:42,544 INFO:wrf_massive.stages.misc.gc:-> Deleting file sim_2020-07-01/2_wps/met_em.d01.2020-07-01_12:00:00.nc.
2026-07-17 15:06:42,545 INFO:wrf_massive.stages.misc.gc:-> Deleting file sim_2020-07-01/2_wps/met_em.d01.2020-07-01_15:00:00.nc.
2026-07-17 15:06:42,546 INFO:wrf_massive.stages.misc.gc:-> Deleting file sim_2020-07-01/2_wps/met_em.d01.2020-07-01_18:00:00.nc.
2026-07-17 15:06:42,547 INFO:wrf_massive.stages.misc.gc:-> Deleting file sim_2020-07-01/2_wps/met_em.d01.2020-07-01_21:00:00.nc.
2026-07-17 15:06:42,548 INFO:wrf_massive.stages.misc.gc:-> Deleting file sim_2020-07-01/2_wps/met_em.d01.2020-07-02_00:00:00.nc.
2026-07-17 15:06:42,549 INFO:wrf_massive.stages.misc.gc:-> Deleting file sim_2020-07-01/2_wps/met_em.d01.2020-07-02_03:00:00.nc.
2026-07-17 15:06:42,551 INFO:wrf_massive.stages.misc.gc:-> Deleting file sim_2020-07-01/2_wps/met_em.d01.2020-07-02_06:00:00.nc.
2026-07-17 15:06:42,552 INFO:wrf_massive.stages.misc.gc:-> Deleting file sim_2020-07-01/2_wps/met_em.d01.2020-07-02_09:00:00.nc.
2026-07-17 15:06:42,553 INFO:wrf_massive.stages.misc.gc:-> Deleting file sim_2020-07-01/2_wps/met_em.d01.2020-07-02_12:00:00.nc.
2026-07-17 15:06:42,554 INFO:wrf_massive.stages.misc.gc:-> Deleting file sim_2020-07-01/2_wps/met_em.d01.2020-07-02_15:00:00.nc.
2026-07-17 15:06:42,555 INFO:wrf_massive.stages.misc.gc:-> Deleting file sim_2020-07-01/2_wps/met_em.d01.2020-07-02_18:00:00.nc.
2026-07-17 15:06:42,556 INFO:wrf_massive.stages.misc.gc:-> Deleting file sim_2020-07-01/2_wps/met_em.d01.2020-07-02_21:00:00.nc.
2026-07-17 15:06:42,557 INFO:wrf_massive.stages.misc.gc:-> Deleting file sim_2020-07-01/2_wps/met_em.d01.2020-07-03_00:00:00.nc.
2026-07-17 15:06:42,558 INFO:wrf_massive.stages.misc.gc:-> Deleting file sim_2020-07-01/2_wps/met_em.d01.2020-07-03_03:00:00.nc.
2026-07-17 15:06:42,559 INFO:wrf_massive.stages.misc.gc:-> Deleting file sim_2020-07-01/2_wps/met_em.d01.2020-07-03_06:00:00.nc.
2026-07-17 15:06:42,560 INFO:wrf_massive.stages.misc.gc:-> Deleting file sim_2020-07-01/2_wps/met_em.d01.2020-07-03_09:00:00.nc.
2026-07-17 15:06:42,561 INFO:wrf_massive.stages.misc.gc:-> Deleting file sim_2020-07-01/2_wps/met_em.d01.2020-07-03_12:00:00.nc.
2026-07-17 15:06:42,562 INFO:wrf_massive.stages.misc.gc:-> Deleting file sim_2020-07-01/2_wps/met_em.d01.2020-07-03_15:00:00.nc.
2026-07-17 15:06:42,563 INFO:wrf_massive.stages.misc.gc:-> Deleting file sim_2020-07-01/2_wps/met_em.d01.2020-07-03_18:00:00.nc.
2026-07-17 15:06:42,564 INFO:wrf_massive.stages.misc.gc:-> Deleting file sim_2020-07-01/2_wps/met_em.d01.2020-07-03_21:00:00.nc.
2026-07-17 15:06:42,565 INFO:wrf_massive.stages.misc.gc:-> Deleting file sim_2020-07-01/2_wps/met_em.d01.2020-07-04_00:00:00.nc.
2026-07-17 15:06:42,566 INFO:wrf_massive.stages.misc.gc:-> Deleting file sim_2020-07-01/2_wps/met_em.d01.2020-07-04_03:00:00.nc.
2026-07-17 15:06:42,566 INFO:wrf_massive.stages.misc.gc:-> Deleting file sim_2020-07-01/2_wps/met_em.d01.2020-07-04_06:00:00.nc.
2026-07-17 15:06:42,567 INFO:wrf_massive.stages.misc.gc:-> Deleting file sim_2020-07-01/2_wps/met_em.d01.2020-07-04_09:00:00.nc.
2026-07-17 15:06:42,568 INFO:wrf_massive.stages.misc.gc:-> Deleting file sim_2020-07-01/2_wps/met_em.d01.2020-07-04_12:00:00.nc.
2026-07-17 15:06:42,569 INFO:wrf_massive.stages.misc.gc:-> Deleting file sim_2020-07-01/2_wps/met_em.d01.2020-07-04_15:00:00.nc.
2026-07-17 15:06:42,570 INFO:wrf_massive.stages.misc.gc:-> Deleting file sim_2020-07-01/2_wps/met_em.d01.2020-07-04_18:00:00.nc.
2026-07-17 15:06:42,573 INFO:wrf_massive.stages.misc.gc:-> Deleting file sim_2020-07-01/2_wps/met_em.d01.2020-07-04_21:00:00.nc.
2026-07-17 15:06:42,575 INFO:wrf_massive.stages.misc.gc:-> Deleting file sim_2020-07-01/2_wps/met_em.d01.2020-07-05_00:00:00.nc.
2026-07-17 15:06:42,577 INFO:wrf_massive.stages.misc.gc:-> Deleting file sim_2020-07-01/2_wps/met_em.d01.2020-07-05_03:00:00.nc.
2026-07-17 15:06:42,579 INFO:wrf_massive.stages.misc.gc:-> Deleting file sim_2020-07-01/2_wps/met_em.d01.2020-07-05_06:00:00.nc.
2026-07-17 15:06:42,580 INFO:wrf_massive.stages.misc.gc:-> Deleting file sim_2020-07-01/2_wps/met_em.d01.2020-07-05_09:00:00.nc.
2026-07-17 15:06:42,581 INFO:wrf_massive.stages.misc.gc:-> Deleting file sim_2020-07-01/2_wps/met_em.d01.2020-07-05_12:00:00.nc.
2026-07-17 15:06:42,582 INFO:wrf_massive.stages.misc.gc:-> Deleting file sim_2020-07-01/2_wps/met_em.d01.2020-07-05_15:00:00.nc.
2026-07-17 15:06:42,584 INFO:wrf_massive.stages.misc.gc:-> Deleting file sim_2020-07-01/2_wps/met_em.d01.2020-07-05_18:00:00.nc.
2026-07-17 15:06:42,585 INFO:wrf_massive.stages.misc.gc:-> Deleting file sim_2020-07-01/2_wps/met_em.d01.2020-07-05_21:00:00.nc.
2026-07-17 15:06:42,586 INFO:wrf_massive.stages.misc.gc:-> Deleting file sim_2020-07-01/2_wps/met_em.d01.2020-07-06_00:00:00.nc.
2026-07-17 15:06:42,588 INFO:wrf_massive.stages.misc.gc:-> Created .done file at to mark stage for skipping.
